Archive member included to satisfy reference by file (symbol)

/opt/st/stm32cubeide_1.9.0/plugins/com.st.stm32cube.ide.mcu.externaltools.gnu-tools-for-stm32.10.3-2021.10.linux64_1.0.0.202111181127/tools/bin/../lib/gcc/arm-none-eabi/10.3.1/../../../../arm-none-eabi/lib/thumb/v7e-m+fp/hard/libc_nano.a(lib_a-errno.o)
                              ./Core/Src/syscalls.o (__errno)
/opt/st/stm32cubeide_1.9.0/plugins/com.st.stm32cube.ide.mcu.externaltools.gnu-tools-for-stm32.10.3-2021.10.linux64_1.0.0.202111181127/tools/bin/../lib/gcc/arm-none-eabi/10.3.1/../../../../arm-none-eabi/lib/thumb/v7e-m+fp/hard/libc_nano.a(lib_a-exit.o)
                              /opt/st/stm32cubeide_1.9.0/plugins/com.st.stm32cube.ide.mcu.externaltools.gnu-tools-for-stm32.10.3-2021.10.linux64_1.0.0.202111181127/tools/bin/../lib/gcc/arm-none-eabi/10.3.1/../../../../arm-none-eabi/lib/thumb/v7e-m+fp/hard/crt0.o (exit)
/opt/st/stm32cubeide_1.9.0/plugins/com.st.stm32cube.ide.mcu.externaltools.gnu-tools-for-stm32.10.3-2021.10.linux64_1.0.0.202111181127/tools/bin/../lib/gcc/arm-none-eabi/10.3.1/../../../../arm-none-eabi/lib/thumb/v7e-m+fp/hard/libc_nano.a(lib_a-impure.o)
                              /opt/st/stm32cubeide_1.9.0/plugins/com.st.stm32cube.ide.mcu.externaltools.gnu-tools-for-stm32.10.3-2021.10.linux64_1.0.0.202111181127/tools/bin/../lib/gcc/arm-none-eabi/10.3.1/../../../../arm-none-eabi/lib/thumb/v7e-m+fp/hard/libc_nano.a(lib_a-exit.o) (_global_impure_ptr)
/opt/st/stm32cubeide_1.9.0/plugins/com.st.stm32cube.ide.mcu.externaltools.gnu-tools-for-stm32.10.3-2021.10.linux64_1.0.0.202111181127/tools/bin/../lib/gcc/arm-none-eabi/10.3.1/../../../../arm-none-eabi/lib/thumb/v7e-m+fp/hard/libc_nano.a(lib_a-init.o)
                              /opt/st/stm32cubeide_1.9.0/plugins/com.st.stm32cube.ide.mcu.externaltools.gnu-tools-for-stm32.10.3-2021.10.linux64_1.0.0.202111181127/tools/bin/../lib/gcc/arm-none-eabi/10.3.1/../../../../arm-none-eabi/lib/thumb/v7e-m+fp/hard/crt0.o (__libc_init_array)
/opt/st/stm32cubeide_1.9.0/plugins/com.st.stm32cube.ide.mcu.externaltools.gnu-tools-for-stm32.10.3-2021.10.linux64_1.0.0.202111181127/tools/bin/../lib/gcc/arm-none-eabi/10.3.1/../../../../arm-none-eabi/lib/thumb/v7e-m+fp/hard/libc_nano.a(lib_a-memcpy-stub.o)
                              ./Middlewares/Third_Party/FreeRTOS/Source/queue.o (memcpy)
/opt/st/stm32cubeide_1.9.0/plugins/com.st.stm32cube.ide.mcu.externaltools.gnu-tools-for-stm32.10.3-2021.10.linux64_1.0.0.202111181127/tools/bin/../lib/gcc/arm-none-eabi/10.3.1/../../../../arm-none-eabi/lib/thumb/v7e-m+fp/hard/libc_nano.a(lib_a-memset.o)
                              /opt/st/stm32cubeide_1.9.0/plugins/com.st.stm32cube.ide.mcu.externaltools.gnu-tools-for-stm32.10.3-2021.10.linux64_1.0.0.202111181127/tools/bin/../lib/gcc/arm-none-eabi/10.3.1/../../../../arm-none-eabi/lib/thumb/v7e-m+fp/hard/crt0.o (memset)
/opt/st/stm32cubeide_1.9.0/plugins/com.st.stm32cube.ide.mcu.externaltools.gnu-tools-for-stm32.10.3-2021.10.linux64_1.0.0.202111181127/tools/bin/../lib/gcc/arm-none-eabi/10.3.1/../../../../arm-none-eabi/lib/thumb/v7e-m+fp/hard/libc_nano.a(lib_a-sprintf.o)
                              ./Core/Src/main.o (sprintf)
/opt/st/stm32cubeide_1.9.0/plugins/com.st.stm32cube.ide.mcu.externaltools.gnu-tools-for-stm32.10.3-2021.10.linux64_1.0.0.202111181127/tools/bin/../lib/gcc/arm-none-eabi/10.3.1/../../../../arm-none-eabi/lib/thumb/v7e-m+fp/hard/libc_nano.a(lib_a-strlen.o)
                              ./Core/Src/main.o (strlen)
/opt/st/stm32cubeide_1.9.0/plugins/com.st.stm32cube.ide.mcu.externaltools.gnu-tools-for-stm32.10.3-2021.10.linux64_1.0.0.202111181127/tools/bin/../lib/gcc/arm-none-eabi/10.3.1/../../../../arm-none-eabi/lib/thumb/v7e-m+fp/hard/libc_nano.a(lib_a-nano-svfprintf.o)
                              /opt/st/stm32cubeide_1.9.0/plugins/com.st.stm32cube.ide.mcu.externaltools.gnu-tools-for-stm32.10.3-2021.10.linux64_1.0.0.202111181127/tools/bin/../lib/gcc/arm-none-eabi/10.3.1/../../../../arm-none-eabi/lib/thumb/v7e-m+fp/hard/libc_nano.a(lib_a-sprintf.o) (_svfprintf_r)
/opt/st/stm32cubeide_1.9.0/plugins/com.st.stm32cube.ide.mcu.externaltools.gnu-tools-for-stm32.10.3-2021.10.linux64_1.0.0.202111181127/tools/bin/../lib/gcc/arm-none-eabi/10.3.1/../../../../arm-none-eabi/lib/thumb/v7e-m+fp/hard/libc_nano.a(lib_a-nano-vfprintf_i.o)
                              /opt/st/stm32cubeide_1.9.0/plugins/com.st.stm32cube.ide.mcu.externaltools.gnu-tools-for-stm32.10.3-2021.10.linux64_1.0.0.202111181127/tools/bin/../lib/gcc/arm-none-eabi/10.3.1/../../../../arm-none-eabi/lib/thumb/v7e-m+fp/hard/libc_nano.a(lib_a-nano-svfprintf.o) (_printf_i)
/opt/st/stm32cubeide_1.9.0/plugins/com.st.stm32cube.ide.mcu.externaltools.gnu-tools-for-stm32.10.3-2021.10.linux64_1.0.0.202111181127/tools/bin/../lib/gcc/arm-none-eabi/10.3.1/../../../../arm-none-eabi/lib/thumb/v7e-m+fp/hard/libc_nano.a(lib_a-memchr.o)
[...]
Memory Configuration

Name             Origin             Length             Attributes
CCMRAM           0x0000000010000000 0x0000000000010000 xrw
RAM              0x0000000020000000 0x0000000000030000 xrw
FLASH            0x0000000008000000 0x0000000000200000 xr
*default*        0x0000000000000000 0xffffffffffffffff

Linker script and memory map

LOAD /opt/st/stm32cubeide_1.9.0/plugins/com.st.stm32cube.ide.mcu.externaltools.gnu-tools-for-stm32.10.3-2021.10.linux64_1.0.0.202111181127/tools/bin/../lib/gcc/arm-none-eabi/10.3.1/thumb/v7e-m+fp/hard/crti.o
LOAD /opt/st/stm32cubeide_1.9.0/plugins/com.st.stm32cube.ide.mcu.externaltools.gnu-tools-for-stm32.10.3-2021.10.linux64_1.0.0.202111181127/tools/bin/../lib/gcc/arm-none-eabi/10.3.1/thumb/v7e-m+fp/hard/crtbegin.o
LOAD /opt/st/stm32cubeide_1.9.0/plugins/com.st.stm32cube.ide.mcu.externaltools.gnu-tools-for-stm32.10.3-2021.10.linux64_1.0.0.202111181127/tools/bin/../lib/gcc/arm-none-eabi/10.3.1/../../../../arm-none-eabi/lib/thumb/v7e-m+fp/hard/crt0.o
LOAD ./Core/Src/asm_func.o
LOAD ./Core/Src/freertos.o
LOAD ./Core/Src/main.o
LOAD ./Core/Src/stm32f4xx_hal_msp.o
LOAD ./Core/Src/stm32f4xx_it.o
LOAD ./Core/Src/syscalls.o
LOAD ./Core/Src/sysmem.o
LOAD ./Core/Src/system_stm32f4xx.o
LOAD ./Core/Startup/startup_stm32f429zitx.o
LOAD ./Drivers/STM32F4xx_HAL_Driver/Src/stm32f4xx_hal.o
LOAD ./Drivers/STM32F4xx_HAL_Driver/Src/stm32f4xx_hal_cortex.o
LOAD ./Drivers/STM32F4xx_HAL_Driver/Src/stm32f4xx_hal_dma.o
LOAD ./Drivers/STM32F4xx_HAL_Driver/Src/stm32f4xx_hal_dma_ex.o
LOAD ./Drivers/STM32F4xx_HAL_Driver/Src/stm32f4xx_hal_eth.o
LOAD ./Drivers/STM32F4xx_HAL_Driver/Src/stm32f4xx_hal_exti.o
LOAD ./Drivers/STM32F4xx_HAL_Driver/Src/stm32f4xx_hal_flash.o
LOAD ./Drivers/STM32F4xx_HAL_Driver/Src/stm32f4xx_hal_flash_ex.o
LOAD ./Drivers/STM32F4xx_HAL_Driver/Src/stm32f4xx_hal_flash_ramfunc.o
LOAD ./Drivers/STM32F4xx_HAL_Driver/Src/stm32f4xx_hal_gpio.o
LOAD ./Drivers/STM32F4xx_HAL_Driver/Src/stm32f4xx_hal_pcd.o
LOAD ./Drivers/STM32F4xx_HAL_Driver/Src/stm32f4xx_hal_pcd_ex.o
LOAD ./Drivers/STM32F4xx_HAL_Driver/Src/stm32f4xx_hal_pwr.o
LOAD ./Drivers/STM32F4xx_HAL_Driver/Src/stm32f4xx_hal_pwr_ex.o
LOAD ./Drivers/STM32F4xx_HAL_Driver/Src/stm32f4xx_hal_rcc.o
LOAD ./Drivers/STM32F4xx_HAL_Driver/Src/stm32f4xx_hal_rcc_ex.o
LOAD ./Drivers/STM32F4xx_HAL_Driver/Src/stm32f4xx_hal_tim.o
LOAD ./Drivers/STM32F4xx_HAL_Driver/Src/stm32f4xx_hal_tim_ex.o
LOAD ./Drivers/STM32F4xx_HAL_Driver/Src/stm32f4xx_hal_uart.o
LOAD ./Drivers/STM32F4xx_HAL_Driver/Src/stm32f4xx_ll_usb.o
LOAD ./Middlewares/Third_Party/FreeRTOS/Source/CMSIS_RTOS/cmsis_os.o
LOAD ./Middlewares/Third_Party/FreeRTOS/Source/croutine.o
LOAD ./Middlewares/Third_Party/FreeRTOS/Source/event_groups.o
LOAD ./Middlewares/Third_Party/FreeRTOS/Source/list.o
LOAD ./Middlewares/Third_Party/FreeRTOS/Source/queue.o
LOAD ./Middlewares/Third_Party/FreeRTOS/Source/stream_buffer.o
LOAD ./Middlewares/Third_Party/FreeRTOS/Source/tasks.o
LOAD ./Middlewares/Third_Party/FreeRTOS/Source/timers.o
LOAD ./Middlewares/Third_Party/FreeRTOS/Source/portable/GCC/ARM_CM4F/port.o
LOAD ./Middlewares/Third_Party/FreeRTOS/Source/portable/MemMang/heap_4.o
START GROUP
LOAD /opt/st/stm32cubeide_1.9.0/plugins/com.st.stm32cube.ide.mcu.externaltools.gnu-tools-for-stm32.10.3-2021.10.linux64_1.0.0.202111181127/tools/bin/../lib/gcc/arm-none-eabi/10.3.1/../../../../arm-none-eabi/lib/thumb/v7e-m+fp/hard/libc_nano.a
LOAD /opt/st/stm32cubeide_1.9.0/plugins/com.st.stm32cube.ide.mcu.externaltools.gnu-tools-for-stm32.10.3-2021.10.linux64_1.0.0.202111181127/tools/bin/../lib/gcc/arm-none-eabi/10.3.1/../../../../arm-none-eabi/lib/thumb/v7e-m+fp/hard/libm.a
END GROUP
START GROUP
LOAD /opt/st/stm32cubeide_1.9.0/plugins/com.st.stm32cube.ide.mcu.externaltools.gnu-tools-for-stm32.10.3-2021.10.linux64_1.0.0.202111181127/tools/bin/../lib/gcc/arm-none-eabi/10.3.1/thumb/v7e-m+fp/hard/libgcc.a
LOAD /opt/st/stm32cubeide_1.9.0/plugins/com.st.stm32cube.ide.mcu.externaltools.gnu-tools-for-stm32.10.3-2021.10.linux64_1.0.0.202111181127/tools/bin/../lib/gcc/arm-none-eabi/10.3.1/../../../../arm-none-eabi/lib/thumb/v7e-m+fp/hard/libc_nano.a
END GROUP
START GROUP
LOAD /opt/st/stm32cubeide_1.9.0/plugins/com.st.stm32cube.ide.mcu.externaltools.gnu-tools-for-stm32.10.3-2021.10.linux64_1.0.0.202111181127/tools/bin/../lib/gcc/arm-none-eabi/10.3.1/thumb/v7e-m+fp/hard/libgcc.a
LOAD /opt/st/stm32cubeide_1.9.0/plugins/com.st.stm32cube.ide.mcu.externaltools.gnu-tools-for-stm32.10.3-2021.10.linux64_1.0.0.202111181127/tools/bin/../lib/gcc/arm-none-eabi/10.3.1/../../../../arm-none-eabi/lib/thumb/v7e-m+fp/hard/libc_nano.a
LOAD /opt/st/stm32cubeide_1.9.0/plugins/com.st.stm32cube.ide.mcu.externaltools.gnu-tools-for-stm32.10.3-2021.10.linux64_1.0.0.202111181127/tools/bin/../lib/gcc/arm-none-eabi/10.3.1/../../../../arm-none-eabi/lib/thumb/v7e-m+fp/hard/libnosys.a
END GROUP
START GROUP
LOAD /opt/st/stm32cubeide_1.9.0/plugins/com.st.stm32cube.ide.mcu.externaltools.gnu-tools-for-stm32.10.3-2021.10.linux64_1.0.0.202111181127/tools/bin/../lib/gcc/arm-none-eabi/10.3.1/thumb/v7e-m+fp/hard/libgcc.a
LOAD /opt/st/stm32cubeide_1.9.0/plugins/com.st.stm32cube.ide.mcu.externaltools.gnu-tools-for-stm32.10.3-2021.10.linux64_1.0.0.202111181127/tools/bin/../lib/gcc/arm-none-eabi/10.3.1/../../../../arm-none-eabi/lib/thumb/v7e-m+fp/hard/libc_nano.a
LOAD /opt/st/stm32cubeide_1.9.0/plugins/com.st.stm32cube.ide.mcu.externaltools.gnu-tools-for-stm32.10.3-2021.10.linux64_1.0.0.202111181127/tools/bin/../lib/gcc/arm-none-eabi/10.3.1/../../../../arm-none-eabi/lib/thumb/v7e-m+fp/hard/libnosys.a
END GROUP
LOAD /opt/st/stm32cubeide_1.9.0/plugins/com.st.stm32cube.ide.mcu.externaltools.gnu-tools-for-stm32.10.3-2021.10.linux64_1.0.0.202111181127/tools/bin/../lib/gcc/arm-none-eabi/10.3.1/thumb/v7e-m+fp/hard/crtend.o
LOAD /opt/st/stm32cubeide_1.9.0/plugins/com.st.stm32cube.ide.mcu.externaltools.gnu-tools-for-stm32.10.3-2021.10.linux64_1.0.0.202111181127/tools/bin/../lib/gcc/arm-none-eabi/10.3.1/thumb/v7e-m+fp/hard/crtn.o
                0x0000000020030000                _estack = (ORIGIN (RAM) + LENGTH (RAM))
                0x0000000000000200                _Min_Heap_Size = 0x200
                0x0000000000000400                _Min_Stack_Size = 0x400

.isr_vector     0x0000000008000000      0x1ac
                0x0000000008000000                . = ALIGN (0x4)
 *(.isr_vector)
 .isr_vector    0x0000000008000000      0x1ac ./Core/Startup/startup_stm32f429zitx.o
                0x0000000008000000                g_pfnVectors
                0x00000000080001ac                . = ALIGN (0x4)

.text           0x00000000080001b0     0x4fc4
                0x00000000080001b0                . = ALIGN (0x4)
 *(.text)
 .text          0x00000000080001b0       0x40 /opt/st/stm32cubeide_1.9.0/plugins/com.st.stm32cube.ide.mcu.externaltools.gnu-tools-for-stm32.10.3-2021.10.linux64_1.0.0.202111181127/tools/bin/../lib/gcc/arm-none-eabi/10.3.1/thumb/v7e-m+fp/hard/crtbegin.o
 .text          0x00000000080001f0       0x22 ./Core/Src/asm_func.o
                0x00000000080001f0                asm_svc
                0x00000000080001f4                asm_sum
                0x00000000080001f8                asm_productoEscalar12
 .text          0x0000000008000212       0x10 /opt/st/stm32cubeide_1.9.0/plugins/com.st.stm32cube.ide.mcu.externaltools.gnu-tools-for-stm32.10.3-2021.10.linux64_1.0.0.202111181127/tools/bin/../lib/gcc/arm-none-eabi/10.3.1/../../../../arm-none-eabi/lib/thumb/v7e-m+fp/hard/libc_nano.a(lib_a-strlen.o)
                0x0000000008000212                strlen
 *fill*         0x0000000008000222        0xe 
 .text          0x0000000008000230       0xa0 /opt/st/stm32cubeide_1.9.0/plugins/com.st.stm32cube.ide.mcu.externaltools.gnu-tools-for-stm32.10.3-2021.10.linux64_1.0.0.202111181127/tools/bin/../lib/gcc/arm-none-eabi/10.3.1/../../../../arm-none-eabi/lib/thumb/v7e-m+fp/hard/libc_nano.a(lib_a-memchr.o)
                0x0000000008000230                memchr
 .text          0x00000000080002d0       0x30 /opt/st/stm32cubeide_1.9.0/plugins/com.st.stm32cube.ide.mcu.externaltools.gnu-tools-for-stm32.10.3-2021.10.linux64_1.0.0.202111181127/tools/bin/../lib/gcc/arm-none-eabi/10.3.1/thumb/v7e-m+fp/hard/libgcc.a(_aeabi_uldivmod.o)
                0x00000000080002d0                __aeabi_uldivmod
 .text          0x0000000008000300      0x2d0 /opt/st/stm32cubeide_1.9.0/plugins/com.st.stm32cube.ide.mcu.externaltools.gnu-tools-for-stm32.10.3-2021.10.linux64_1.0.0.202111181127/tools/bin/../lib/gcc/arm-none-eabi/10.3.1/thumb/v7e-m+fp/hard/libgcc.a(_udivmoddi4.o)
                0x0000000008000300                __udivmoddi4
 .text          0x00000000080005d0        0x4 /opt/st/stm32cubeide_1.9.0/plugins/com.st.stm32cube.ide.mcu.externaltools.gnu-tools-for-stm32.10.3-2021.10.linux64_1.0.0.202111181127/tools/bin/../lib/gcc/arm-none-eabi/10.3.1/thumb/v7e-m+fp/hard/libgcc.a(_dvmd_tls.o)
                0x00000000080005d0                __aeabi_ldiv0
                0x00000000080005d0                __aeabi_idiv0
 *(.text*)
 .text.vApplicationGetIdleTaskMemory
                0x00000000080005d4       0x34 ./Core/Src/freertos.o
                0x00000000080005d4                vApplicationGetIdleTaskMemory
 .text.vPrintString
                0x0000000008000608       0x30 ./Core/Src/main.o
                0x0000000008000608                vPrintString
 .text.get_diff
                0x0000000008000638       0x20 ./Core/Src/main.o
                0x0000000008000638                get_diff
 .text.clear_diff
                0x0000000008000658       0x1c ./Core/Src/main.o
                0x0000000008000658                clear_diff
 .text.task_tecla_led
                0x0000000008000674      0x308 ./Core/Src/main.o
                0x0000000008000674                task_tecla_led
 .text.main     0x000000000800097c       0xd4 ./Core/Src/main.o
                0x000000000800097c                main
 .text.SystemClock_Config
                0x0000000008000a50       0xd4 ./Core/Src/main.o
                0x0000000008000a50                SystemClock_Config
 .text.MX_USART3_UART_Init
                0x0000000008000b24       0x54 ./Core/Src/main.o
 .text.MX_GPIO_Init
                0x0000000008000b78      0x15c ./Core/Src/main.o
 .text.StartDefaultTask
                0x0000000008000cd4       0x10 ./Core/Src/main.o
                0x0000000008000cd4                StartDefaultTask
 .text.Error_Handler
                0x0000000008000ce4        0xa ./Core/Src/main.o
                0x0000000008000ce4                Error_Handler
 *fill*         0x0000000008000cee        0x2 
 .text.HAL_MspInit
                0x0000000008000cf0       0x58 ./Core/Src/stm32f4xx_hal_msp.o
                0x0000000008000cf0                HAL_MspInit
 .text.HAL_UART_MspInit
                0x0000000008000d48       0x90 ./Core/Src/stm32f4xx_hal_msp.o
                0x0000000008000d48                HAL_UART_MspInit
 .text.NMI_Handler
                0x0000000008000dd8        0x6 ./Core/Src/stm32f4xx_it.o
                0x0000000008000dd8                NMI_Handler
 .text.HardFault_Handler
                0x0000000008000dde        0x6 ./Core/Src/stm32f4xx_it.o
                0x0000000008000dde                HardFault_Handler
 .text.MemManage_Handler
                0x0000000008000de4        0x6 ./Core/Src/stm32f4xx_it.o
                0x0000000008000de4                MemManage_Handler
 .text.BusFault_Handler
                0x0000000008000dea        0x6 ./Core/Src/stm32f4xx_it.o
                0x0000000008000dea                BusFault_Handler
 .text.UsageFault_Handler
                0x0000000008000df0        0x6 ./Core/Src/stm32f4xx_it.o
                0x0000000008000df0                UsageFault_Handler
 .text.DebugMon_Handler
                0x0000000008000df6        0xe ./Core/Src/stm32f4xx_it.o
                0x0000000008000df6                DebugMon_Handler
 .text.SysTick_Handler
                0x0000000008000e04       0x1a ./Core/Src/stm32f4xx_it.o
                0x0000000008000e04                SysTick_Handler
 *fill*         0x0000000008000e1e        0x2 
 .text._sbrk    0x0000000008000e20       0x6c ./Core/Src/sysmem.o
                0x0000000008000e20                _sbrk
 .text.SystemInit
                0x0000000008000e8c       0x24 ./Core/Src/system_stm32f4xx.o
                0x0000000008000e8c                SystemInit
 .text.Reset_Handler
                0x0000000008000eb0       0x50 ./Core/Startup/startup_stm32f429zitx.o
                0x0000000008000eb0                Reset_Handler
 .text.Default_Handler
                0x0000000008000f00        0x2 ./Core/Startup/startup_stm32f429zitx.o
                0x0000000008000f00                RTC_Alarm_IRQHandler
                0x0000000008000f00                HASH_RNG_IRQHandler
                0x0000000008000f00                EXTI2_IRQHandler
                0x0000000008000f00                TIM8_CC_IRQHandler
                0x0000000008000f00                UART8_IRQHandler
                0x0000000008000f00                SPI4_IRQHandler
                0x0000000008000f00                TIM1_CC_IRQHandler
                0x0000000008000f00                DMA2_Stream5_IRQHandler
                0x0000000008000f00                DMA1_Stream5_IRQHandler
                0x0000000008000f00                PVD_IRQHandler
                0x0000000008000f00                SDIO_IRQHandler
                0x0000000008000f00                TAMP_STAMP_IRQHandler
                0x0000000008000f00                CAN2_RX1_IRQHandler
                0x0000000008000f00                EXTI3_IRQHandler
                0x0000000008000f00                TIM8_TRG_COM_TIM14_IRQHandler
                0x0000000008000f00                TIM1_UP_TIM10_IRQHandler
                0x0000000008000f00                TIM8_UP_TIM13_IRQHandler
                0x0000000008000f00                I2C3_ER_IRQHandler
                0x0000000008000f00                EXTI0_IRQHandler
                0x0000000008000f00                I2C2_EV_IRQHandler
                0x0000000008000f00                DMA1_Stream2_IRQHandler
                0x0000000008000f00                CAN1_RX0_IRQHandler
                0x0000000008000f00                FPU_IRQHandler
                0x0000000008000f00                OTG_HS_WKUP_IRQHandler
                0x0000000008000f00                LTDC_ER_IRQHandler
                0x0000000008000f00                CAN2_SCE_IRQHandler
                0x0000000008000f00                DMA2_Stream2_IRQHandler
                0x0000000008000f00                SPI1_IRQHandler
                0x0000000008000f00                TIM6_DAC_IRQHandler
                0x0000000008000f00                TIM1_BRK_TIM9_IRQHandler
                0x0000000008000f00                DCMI_IRQHandler
                0x0000000008000f00                CAN2_RX0_IRQHandler
                0x0000000008000f00                DMA2_Stream3_IRQHandler
                0x0000000008000f00                USART6_IRQHandler
                0x0000000008000f00                USART3_IRQHandler
                0x0000000008000f00                CAN1_RX1_IRQHandler
                0x0000000008000f00                UART5_IRQHandler
                0x0000000008000f00                DMA2_Stream0_IRQHandler
                0x0000000008000f00                TIM4_IRQHandler
                0x0000000008000f00                I2C1_EV_IRQHandler
                0x0000000008000f00                DMA1_Stream6_IRQHandler
                0x0000000008000f00                DMA1_Stream1_IRQHandler
                0x0000000008000f00                UART4_IRQHandler
                0x0000000008000f00                TIM3_IRQHandler
                0x0000000008000f00                RCC_IRQHandler
                0x0000000008000f00                TIM8_BRK_TIM12_IRQHandler
                0x0000000008000f00                Default_Handler
                0x0000000008000f00                EXTI15_10_IRQHandler
                0x0000000008000f00                ADC_IRQHandler
                0x0000000008000f00                DMA1_Stream7_IRQHandler
                0x0000000008000f00                SPI5_IRQHandler
                0x0000000008000f00                TIM7_IRQHandler
                0x0000000008000f00                CAN2_TX_IRQHandler
                0x0000000008000f00                TIM5_IRQHandler
                0x0000000008000f00                DMA2_Stream7_IRQHandler
                0x0000000008000f00                I2C3_EV_IRQHandler
                0x0000000008000f00                EXTI9_5_IRQHandler
                0x0000000008000f00                RTC_WKUP_IRQHandler
                0x0000000008000f00                LTDC_IRQHandler
                0x0000000008000f00                ETH_WKUP_IRQHandler
                0x0000000008000f00                SPI2_IRQHandler
                0x0000000008000f00                OTG_HS_EP1_IN_IRQHandler
                0x0000000008000f00                DMA1_Stream0_IRQHandler
                0x0000000008000f00                CAN1_TX_IRQHandler
                0x0000000008000f00                EXTI4_IRQHandler
                0x0000000008000f00                ETH_IRQHandler
                0x0000000008000f00                OTG_HS_EP1_OUT_IRQHandler
                0x0000000008000f00                WWDG_IRQHandler
                0x0000000008000f00                SPI6_IRQHandler
                0x0000000008000f00                TIM2_IRQHandler
                0x0000000008000f00                OTG_FS_WKUP_IRQHandler
                0x0000000008000f00                TIM1_TRG_COM_TIM11_IRQHandler
                0x0000000008000f00                OTG_HS_IRQHandler
                0x0000000008000f00                DMA2D_IRQHandler
                0x0000000008000f00                EXTI1_IRQHandler
                0x0000000008000f00                UART7_IRQHandler
                0x0000000008000f00                USART2_IRQHandler
                0x0000000008000f00                I2C2_ER_IRQHandler
                0x0000000008000f00                DMA2_Stream1_IRQHandler
                0x0000000008000f00                CAN1_SCE_IRQHandler
                0x0000000008000f00                FLASH_IRQHandler
                0x0000000008000f00                DMA2_Stream4_IRQHandler
                0x0000000008000f00                USART1_IRQHandler
                0x0000000008000f00                OTG_FS_IRQHandler
                0x0000000008000f00                SPI3_IRQHandler
                0x0000000008000f00                DMA1_Stream4_IRQHandler
                0x0000000008000f00                I2C1_ER_IRQHandler
                0x0000000008000f00                FMC_IRQHandler
                0x0000000008000f00                DMA2_Stream6_IRQHandler
                0x0000000008000f00                SAI1_IRQHandler
                0x0000000008000f00                DMA1_Stream3_IRQHandler
 *fill*         0x0000000008000f02        0x2 
 .text.HAL_Init
                0x0000000008000f04       0x44 ./Drivers/STM32F4xx_HAL_Driver/Src/stm32f4xx_hal.o
                0x0000000008000f04                HAL_Init
 .text.HAL_InitTick
                0x0000000008000f48       0x60 ./Drivers/STM32F4xx_HAL_Driver/Src/stm32f4xx_hal.o
                0x0000000008000f48                HAL_InitTick
 .text.HAL_IncTick
                0x0000000008000fa8       0x28 ./Drivers/STM32F4xx_HAL_Driver/Src/stm32f4xx_hal.o
                0x0000000008000fa8                HAL_IncTick
 .text.HAL_GetTick
                0x0000000008000fd0       0x18 ./Drivers/STM32F4xx_HAL_Driver/Src/stm32f4xx_hal.o
                0x0000000008000fd0                HAL_GetTick
 .text.__NVIC_SetPriorityGrouping
                0x0000000008000fe8       0x48 ./Drivers/STM32F4xx_HAL_Driver/Src/stm32f4xx_hal_cortex.o
 .text.__NVIC_GetPriorityGrouping
                0x0000000008001030       0x1c ./Drivers/STM32F4xx_HAL_Driver/Src/stm32f4xx_hal_cortex.o
 .text.__NVIC_SetPriority
                0x000000000800104c       0x54 ./Drivers/STM32F4xx_HAL_Driver/Src/stm32f4xx_hal_cortex.o
 .text.NVIC_EncodePriority
                0x00000000080010a0       0x66 ./Drivers/STM32F4xx_HAL_Driver/Src/stm32f4xx_hal_cortex.o
 *fill*         0x0000000008001106        0x2 
 .text.SysTick_Config
                0x0000000008001108       0x44 ./Drivers/STM32F4xx_HAL_Driver/Src/stm32f4xx_hal_cortex.o
 .text.HAL_NVIC_SetPriorityGrouping
                0x000000000800114c       0x16 ./Drivers/STM32F4xx_HAL_Driver/Src/stm32f4xx_hal_cortex.o
                0x000000000800114c                HAL_NVIC_SetPriorityGrouping
 .text.HAL_NVIC_SetPriority
                0x0000000008001162       0x38 ./Drivers/STM32F4xx_HAL_Driver/Src/stm32f4xx_hal_cortex.o
                0x0000000008001162                HAL_NVIC_SetPriority
 .text.HAL_SYSTICK_Config
                0x000000000800119a       0x18 ./Drivers/STM32F4xx_HAL_Driver/Src/stm32f4xx_hal_cortex.o
                0x000000000800119a                HAL_SYSTICK_Config
 *fill*         0x00000000080011b2        0x2 
 .text.HAL_GPIO_Init
                0x00000000080011b4      0x358 ./Drivers/STM32F4xx_HAL_Driver/Src/stm32f4xx_hal_gpio.o
                0x00000000080011b4                HAL_GPIO_Init
 .text.HAL_GPIO_ReadPin
                0x000000000800150c       0x30 ./Drivers/STM32F4xx_HAL_Driver/Src/stm32f4xx_hal_gpio.o
                0x000000000800150c                HAL_GPIO_ReadPin
 .text.HAL_GPIO_WritePin
                0x000000000800153c       0x32 ./Drivers/STM32F4xx_HAL_Driver/Src/stm32f4xx_hal_gpio.o
                0x000000000800153c                HAL_GPIO_WritePin
 *fill*         0x000000000800156e        0x2 
 .text.HAL_RCC_OscConfig
                0x0000000008001570      0x4f0 ./Drivers/STM32F4xx_HAL_Driver/Src/stm32f4xx_hal_rcc.o
                0x0000000008001570                HAL_RCC_OscConfig
 .text.HAL_RCC_ClockConfig
                0x0000000008001a60      0x1cc ./Drivers/STM32F4xx_HAL_Driver/Src/stm32f4xx_hal_rcc.o
                0x0000000008001a60                HAL_RCC_ClockConfig
 .text.HAL_RCC_GetSysClockFreq
                0x0000000008001c2c      0x20c ./Drivers/STM32F4xx_HAL_Driver/Src/stm32f4xx_hal_rcc.o
                0x0000000008001c2c                HAL_RCC_GetSysClockFreq
 .text.HAL_RCC_GetHCLKFreq
                0x0000000008001e38       0x18 ./Drivers/STM32F4xx_HAL_Driver/Src/stm32f4xx_hal_rcc.o
                0x0000000008001e38                HAL_RCC_GetHCLKFreq
 .text.HAL_RCC_GetPCLK1Freq
                0x0000000008001e50       0x28 ./Drivers/STM32F4xx_HAL_Driver/Src/stm32f4xx_hal_rcc.o
                0x0000000008001e50                HAL_RCC_GetPCLK1Freq
 .text.HAL_RCC_GetPCLK2Freq
                0x0000000008001e78       0x28 ./Drivers/STM32F4xx_HAL_Driver/Src/stm32f4xx_hal_rcc.o
                0x0000000008001e78                HAL_RCC_GetPCLK2Freq
 .text.HAL_UART_Init
                0x0000000008001ea0       0x9a ./Drivers/STM32F4xx_HAL_Driver/Src/stm32f4xx_hal_uart.o
                0x0000000008001ea0                HAL_UART_Init
 .text.HAL_UART_Transmit
                0x0000000008001f3a      0x124 ./Drivers/STM32F4xx_HAL_Driver/Src/stm32f4xx_hal_uart.o
                0x0000000008001f3a                HAL_UART_Transmit
 .text.UART_WaitOnFlagUntilTimeout
                0x000000000800205e       0xdc ./Drivers/STM32F4xx_HAL_Driver/Src/stm32f4xx_hal_uart.o
 *fill*         0x000000000800213a        0x2 
 .text.UART_SetConfig
                0x000000000800213c      0x4e8 ./Drivers/STM32F4xx_HAL_Driver/Src/stm32f4xx_hal_uart.o
 .text.makeFreeRtosPriority
                0x0000000008002624       0x30 ./Middlewares/Third_Party/FreeRTOS/Source/CMSIS_RTOS/cmsis_os.o
 .text.osKernelStart
                0x0000000008002654        0xe ./Middlewares/Third_Party/FreeRTOS/Source/CMSIS_RTOS/cmsis_os.o
                0x0000000008002654                osKernelStart
 .text.osThreadCreate
                0x0000000008002662       0x98 ./Middlewares/Third_Party/FreeRTOS/Source/CMSIS_RTOS/cmsis_os.o
                0x0000000008002662                osThreadCreate
 .text.osDelay  0x00000000080026fa       0x28 ./Middlewares/Third_Party/FreeRTOS/Source/CMSIS_RTOS/cmsis_os.o
                0x00000000080026fa                osDelay
 .text.vListInitialise
                0x0000000008002722       0x40 ./Middlewares/Third_Party/FreeRTOS/Source/list.o
                0x0000000008002722                vListInitialise
 .text.vListInitialiseItem
                0x0000000008002762       0x1a ./Middlewares/Third_Party/FreeRTOS/Source/list.o
                0x0000000008002762                vListInitialiseItem
 .text.vListInsertEnd
                0x000000000800277c       0x48 ./Middlewares/Third_Party/FreeRTOS/Source/list.o
                0x000000000800277c                vListInsertEnd
 .text.vListInsert
                0x00000000080027c4       0x72 ./Middlewares/Third_Party/FreeRTOS/Source/list.o
                0x00000000080027c4                vListInsert
 .text.uxListRemove
                0x0000000008002836       0x54 ./Middlewares/Third_Party/FreeRTOS/Source/list.o
                0x0000000008002836                uxListRemove
 *fill*         0x000000000800288a        0x2 
 .text.xQueueGenericReset
                0x000000000800288c       0xd0 ./Middlewares/Third_Party/FreeRTOS/Source/queue.o
                0x000000000800288c                xQueueGenericReset
 .text.xQueueGenericCreate
                0x000000000800295c       0x74 ./Middlewares/Third_Party/FreeRTOS/Source/queue.o
                0x000000000800295c                xQueueGenericCreate
 .text.prvInitialiseNewQueue
                0x00000000080029d0       0x3e ./Middlewares/Third_Party/FreeRTOS/Source/queue.o
 *fill*         0x0000000008002a0e        0x2 
 .text.xQueueGenericSend
                0x0000000008002a10      0x1fc ./Middlewares/Third_Party/FreeRTOS/Source/queue.o
                0x0000000008002a10                xQueueGenericSend
 .text.xQueueSemaphoreTake
                0x0000000008002c0c      0x218 ./Middlewares/Third_Party/FreeRTOS/Source/queue.o
                0x0000000008002c0c                xQueueSemaphoreTake
 .text.prvGetDisinheritPriorityAfterTimeout
                0x0000000008002e24       0x30 ./Middlewares/Third_Party/FreeRTOS/Source/queue.o
 .text.prvCopyDataToQueue
                0x0000000008002e54       0xd4 ./Middlewares/Third_Party/FreeRTOS/Source/queue.o
 .text.prvUnlockQueue
                0x0000000008002f28       0xa4 ./Middlewares/Third_Party/FreeRTOS/Source/queue.o
 .text.prvIsQueueEmpty
                0x0000000008002fcc       0x2c ./Middlewares/Third_Party/FreeRTOS/Source/queue.o
 .text.prvIsQueueFull
                0x0000000008002ff8       0x30 ./Middlewares/Third_Party/FreeRTOS/Source/queue.o
 .text.xTaskCreateStatic
                0x0000000008003028       0xba ./Middlewares/Third_Party/FreeRTOS/Source/tasks.o
                0x0000000008003028                xTaskCreateStatic
 .text.xTaskCreate
                0x00000000080030e2       0x8a ./Middlewares/Third_Party/FreeRTOS/Source/tasks.o
                0x00000000080030e2                xTaskCreate
 .text.prvInitialiseNewTask
                0x000000000800316c      0x11e ./Middlewares/Third_Party/FreeRTOS/Source/tasks.o
 *fill*         0x000000000800328a        0x2 
 .text.prvAddNewTaskToReadyList
                0x000000000800328c       0xd4 ./Middlewares/Third_Party/FreeRTOS/Source/tasks.o
 .text.vTaskDelay
                0x0000000008003360       0x68 ./Middlewares/Third_Party/FreeRTOS/Source/tasks.o
                0x0000000008003360                vTaskDelay
 .text.vTaskStartScheduler
                0x00000000080033c8       0xc0 ./Middlewares/Third_Party/FreeRTOS/Source/tasks.o
                0x00000000080033c8                vTaskStartScheduler
 .text.vTaskSuspendAll
                0x0000000008003488       0x1c ./Middlewares/Third_Party/FreeRTOS/Source/tasks.o
                0x0000000008003488                vTaskSuspendAll
 .text.xTaskResumeAll
                0x00000000080034a4      0x138 ./Middlewares/Third_Party/FreeRTOS/Source/tasks.o
                0x00000000080034a4                xTaskResumeAll
 .text.xTaskGetTickCount
                0x00000000080035dc       0x20 ./Middlewares/Third_Party/FreeRTOS/Source/tasks.o
                0x00000000080035dc                xTaskGetTickCount
 .text.xTaskIncrementTick
                0x00000000080035fc      0x170 ./Middlewares/Third_Party/FreeRTOS/Source/tasks.o
                0x00000000080035fc                xTaskIncrementTick
 .text.vTaskSwitchContext
                0x000000000800376c       0xb8 ./Middlewares/Third_Party/FreeRTOS/Source/tasks.o
                0x000000000800376c                vTaskSwitchContext
 .text.vTaskPlaceOnEventList
                0x0000000008003824       0x48 ./Middlewares/Third_Party/FreeRTOS/Source/tasks.o
                0x0000000008003824                vTaskPlaceOnEventList
 .text.xTaskRemoveFromEventList
                0x000000000800386c       0xc4 ./Middlewares/Third_Party/FreeRTOS/Source/tasks.o
                0x000000000800386c                xTaskRemoveFromEventList
 .text.vTaskInternalSetTimeOutState
                0x0000000008003930       0x2c ./Middlewares/Third_Party/FreeRTOS/Source/tasks.o
                0x0000000008003930                vTaskInternalSetTimeOutState
 .text.xTaskCheckForTimeOut
                0x000000000800395c       0xc4 ./Middlewares/Third_Party/FreeRTOS/Source/tasks.o
                0x000000000800395c                xTaskCheckForTimeOut
 .text.vTaskMissedYield
                0x0000000008003a20       0x18 ./Middlewares/Third_Party/FreeRTOS/Source/tasks.o
                0x0000000008003a20                vTaskMissedYield
 .text.prvIdleTask
                0x0000000008003a38       0x30 ./Middlewares/Third_Party/FreeRTOS/Source/tasks.o
 .text.prvInitialiseTaskLists
                0x0000000008003a68       0x80 ./Middlewares/Third_Party/FreeRTOS/Source/tasks.o
 .text.prvCheckTasksWaitingTermination
                0x0000000008003ae8       0x5c ./Middlewares/Third_Party/FreeRTOS/Source/tasks.o
 .text.prvDeleteTCB
                0x0000000008003b44       0x5e ./Middlewares/Third_Party/FreeRTOS/Source/tasks.o
 *fill*         0x0000000008003ba2        0x2 
 .text.prvResetNextTaskUnblockTime
                0x0000000008003ba4       0x40 ./Middlewares/Third_Party/FreeRTOS/Source/tasks.o
 .text.xTaskGetSchedulerState
                0x0000000008003be4       0x3c ./Middlewares/Third_Party/FreeRTOS/Source/tasks.o
                0x0000000008003be4                xTaskGetSchedulerState
 .text.xTaskPriorityInherit
                0x0000000008003c20       0xec ./Middlewares/Third_Party/FreeRTOS/Source/tasks.o
                0x0000000008003c20                xTaskPriorityInherit
 .text.xTaskPriorityDisinherit
                0x0000000008003d0c      0x10c ./Middlewares/Third_Party/FreeRTOS/Source/tasks.o
                0x0000000008003d0c                xTaskPriorityDisinherit
 .text.vTaskPriorityDisinheritAfterTimeout
                0x0000000008003e18      0x11c ./Middlewares/Third_Party/FreeRTOS/Source/tasks.o
                0x0000000008003e18                vTaskPriorityDisinheritAfterTimeout
 .text.pvTaskIncrementMutexHeldCount
                0x0000000008003f34       0x28 ./Middlewares/Third_Party/FreeRTOS/Source/tasks.o
                0x0000000008003f34                pvTaskIncrementMutexHeldCount
 .text.prvAddCurrentTaskToDelayedList
                0x0000000008003f5c       0xcc ./Middlewares/Third_Party/FreeRTOS/Source/tasks.o
 .text.pxPortInitialiseStack
                0x0000000008004028       0x68 ./Middlewares/Third_Party/FreeRTOS/Source/portable/GCC/ARM_CM4F/port.o
                0x0000000008004028                pxPortInitialiseStack
 .text.prvTaskExitError
                0x0000000008004090       0x58 ./Middlewares/Third_Party/FreeRTOS/Source/portable/GCC/ARM_CM4F/port.o
 *fill*         0x00000000080040e8        0x8 
 .text.SVC_Handler
                0x00000000080040f0       0x28 ./Middlewares/Third_Party/FreeRTOS/Source/portable/GCC/ARM_CM4F/port.o
                0x00000000080040f0                SVC_Handler
 .text.prvPortStartFirstTask
                0x0000000008004118       0x28 ./Middlewares/Third_Party/FreeRTOS/Source/portable/GCC/ARM_CM4F/port.o
 .text.xPortStartScheduler
                0x0000000008004140      0x144 ./Middlewares/Third_Party/FreeRTOS/Source/portable/GCC/ARM_CM4F/port.o
                0x0000000008004140                xPortStartScheduler
 .text.vPortEnterCritical
                0x0000000008004284       0x60 ./Middlewares/Third_Party/FreeRTOS/Source/portable/GCC/ARM_CM4F/port.o
                0x0000000008004284                vPortEnterCritical
 .text.vPortExitCritical
                0x00000000080042e4       0x54 ./Middlewares/Third_Party/FreeRTOS/Source/portable/GCC/ARM_CM4F/port.o
                0x00000000080042e4                vPortExitCritical
 *fill*         0x0000000008004338        0x8 
 .text.PendSV_Handler
                0x0000000008004340       0x68 ./Middlewares/Third_Party/FreeRTOS/Source/portable/GCC/ARM_CM4F/port.o
                0x0000000008004340                PendSV_Handler
 .text.xPortSysTickHandler
                0x00000000080043a8       0x44 ./Middlewares/Third_Party/FreeRTOS/Source/portable/GCC/ARM_CM4F/port.o
                0x00000000080043a8                xPortSysTickHandler
 .text.vPortSetupTimerInterrupt
                0x00000000080043ec       0x48 ./Middlewares/Third_Party/FreeRTOS/Source/portable/GCC/ARM_CM4F/port.o
                0x00000000080043ec                vPortSetupTimerInterrupt
 .text.vPortEnableVFP
                0x0000000008004434       0x14 ./Middlewares/Third_Party/FreeRTOS/Source/portable/GCC/ARM_CM4F/port.o
 .text.pvPortMalloc
                0x0000000008004448      0x198 ./Middlewares/Third_Party/FreeRTOS/Source/portable/MemMang/heap_4.o
                0x0000000008004448                pvPortMalloc
 .text.vPortFree
                0x00000000080045e0       0xc4 ./Middlewares/Third_Party/FreeRTOS/Source/portable/MemMang/heap_4.o
                0x00000000080045e0                vPortFree
 .text.prvHeapInit
                0x00000000080046a4       0xc4 ./Middlewares/Third_Party/FreeRTOS/Source/portable/MemMang/heap_4.o
 .text.prvInsertBlockIntoFreeList
                0x0000000008004768       0xb4 ./Middlewares/Third_Party/FreeRTOS/Source/portable/MemMang/heap_4.o
 .text.__errno  0x000000000800481c        0xc /opt/st/stm32cubeide_1.9.0/plugins/com.st.stm32cube.ide.mcu.externaltools.gnu-tools-for-stm32.10.3-2021.10.linux64_1.0.0.202111181127/tools/bin/../lib/gcc/arm-none-eabi/10.3.1/../../../../arm-none-eabi/lib/thumb/v7e-m+fp/hard/libc_nano.a(lib_a-errno.o)
                0x000000000800481c                __errno
 .text.__libc_init_array
                0x0000000008004828       0x48 /opt/st/stm32cubeide_1.9.0/plugins/com.st.stm32cube.ide.mcu.externaltools.gnu-tools-for-stm32.10.3-2021.10.linux64_1.0.0.202111181127/tools/bin/../lib/gcc/arm-none-eabi/10.3.1/../../../../arm-none-eabi/lib/thumb/v7e-m+fp/hard/libc_nano.a(lib_a-init.o)
                0x0000000008004828                __libc_init_array
 .text.memcpy   0x0000000008004870       0x1c /opt/st/stm32cubeide_1.9.0/plugins/com.st.stm32cube.ide.mcu.externaltools.gnu-tools-for-stm32.10.3-2021.10.linux64_1.0.0.202111181127/tools/bin/../lib/gcc/arm-none-eabi/10.3.1/../../../../arm-none-eabi/lib/thumb/v7e-m+fp/hard/libc_nano.a(lib_a-memcpy-stub.o)
                0x0000000008004870                memcpy
 .text.memset   0x000000000800488c       0x10 /opt/st/stm32cubeide_1.9.0/plugins/com.st.stm32cube.ide.mcu.externaltools.gnu-tools-for-stm32.10.3-2021.10.linux64_1.0.0.202111181127/tools/bin/../lib/gcc/arm-none-eabi/10.3.1/../../../../arm-none-eabi/lib/thumb/v7e-m+fp/hard/libc_nano.a(lib_a-memset.o)
                0x000000000800488c                memset
 .text.sprintf  0x000000000800489c       0x40 /opt/st/stm32cubeide_1.9.0/plugins/com.st.stm32cube.ide.mcu.externaltools.gnu-tools-for-stm32.10.3-2021.10.linux64_1.0.0.202111181127/tools/bin/../lib/gcc/arm-none-eabi/10.3.1/../../../../arm-none-eabi/lib/thumb/v7e-m+fp/hard/libc_nano.a(lib_a-sprintf.o)
                0x000000000800489c                sprintf
                0x000000000800489c                siprintf
 .text.__ssputs_r
                0x00000000080048dc       0xb6 /opt/st/stm32cubeide_1.9.0/plugins/com.st.stm32cube.ide.mcu.externaltools.gnu-tools-for-stm32.10.3-2021.10.linux64_1.0.0.202111181127/tools/bin/../lib/gcc/arm-none-eabi/10.3.1/../../../../arm-none-eabi/lib/thumb/v7e-m+fp/hard/libc_nano.a(lib_a-nano-svfprintf.o)
                0x00000000080048dc                __ssputs_r
 *fill*         0x0000000008004992        0x2 
 .text._svfprintf_r
                0x0000000008004994      0x200 /opt/st/stm32cubeide_1.9.0/plugins/com.st.stm32cube.ide.mcu.externaltools.gnu-tools-for-stm32.10.3-2021.10.linux64_1.0.0.202111181127/tools/bin/../lib/gcc/arm-none-eabi/10.3.1/../../../../arm-none-eabi/lib/thumb/v7e-m+fp/hard/libc_nano.a(lib_a-nano-svfprintf.o)
                0x0000000008004994                _svfprintf_r
                0x0000000008004994                _svfiprintf_r
 .text._printf_common
                0x0000000008004b94       0xda /opt/st/stm32cubeide_1.9.0/plugins/com.st.stm32cube.ide.mcu.externaltools.gnu-tools-for-stm32.10.3-2021.10.linux64_1.0.0.202111181127/tools/bin/../lib/gcc/arm-none-eabi/10.3.1/../../../../arm-none-eabi/lib/thumb/v7e-m+fp/hard/libc_nano.a(lib_a-nano-vfprintf_i.o)
                0x0000000008004b94                _printf_common
 *fill*         0x0000000008004c6e        0x2 
 .text._printf_i
                0x0000000008004c70      0x24c /opt/st/stm32cubeide_1.9.0/plugins/com.st.stm32cube.ide.mcu.externaltools.gnu-tools-for-stm32.10.3-2021.10.linux64_1.0.0.202111181127/tools/bin/../lib/gcc/arm-none-eabi/10.3.1/../../../../arm-none-eabi/lib/thumb/v7e-m+fp/hard/libc_nano.a(lib_a-nano-vfprintf_i.o)
                0x0000000008004c70                _printf_i
 .text.memmove  0x0000000008004ebc       0x34 /opt/st/stm32cubeide_1.9.0/plugins/com.st.stm32cube.ide.mcu.externaltools.gnu-tools-for-stm32.10.3-2021.10.linux64_1.0.0.202111181127/tools/bin/../lib/gcc/arm-none-eabi/10.3.1/../../../../arm-none-eabi/lib/thumb/v7e-m+fp/hard/libc_nano.a(lib_a-memmove.o)
                0x0000000008004ebc                memmove
 .text._free_r  0x0000000008004ef0       0x98 /opt/st/stm32cubeide_1.9.0/plugins/com.st.stm32cube.ide.mcu.externaltools.gnu-tools-for-stm32.10.3-2021.10.linux64_1.0.0.202111181127/tools/bin/../lib/gcc/arm-none-eabi/10.3.1/../../../../arm-none-eabi/lib/thumb/v7e-m+fp/hard/libc_nano.a(lib_a-nano-freer.o)
                0x0000000008004ef0                _free_r
 .text.sbrk_aligned
                0x0000000008004f88       0x40 /opt/st/stm32cubeide_1.9.0/plugins/com.st.stm32cube.ide.mcu.externaltools.gnu-tools-for-stm32.10.3-2021.10.linux64_1.0.0.202111181127/tools/bin/../lib/gcc/arm-none-eabi/10.3.1/../../../../arm-none-eabi/lib/thumb/v7e-m+fp/hard/libc_nano.a(lib_a-nano-mallocr.o)
 .text._malloc_r
                0x0000000008004fc8       0xe8 /opt/st/stm32cubeide_1.9.0/plugins/com.st.stm32cube.ide.mcu.externaltools.gnu-tools-for-stm32.10.3-2021.10.linux64_1.0.0.202111181127/tools/bin/../lib/gcc/arm-none-eabi/10.3.1/../../../../arm-none-eabi/lib/thumb/v7e-m+fp/hard/libc_nano.a(lib_a-nano-mallocr.o)
                0x0000000008004fc8                _malloc_r
 .text._realloc_r
                0x00000000080050b0       0x5e /opt/st/stm32cubeide_1.9.0/plugins/com.st.stm32cube.ide.mcu.externaltools.gnu-tools-for-stm32.10.3-2021.10.linux64_1.0.0.202111181127/tools/bin/../lib/gcc/arm-none-eabi/10.3.1/../../../../arm-none-eabi/lib/thumb/v7e-m+fp/hard/libc_nano.a(lib_a-nano-reallocr.o)
                0x00000000080050b0                _realloc_r
 *fill*         0x000000000800510e        0x2 
 .text._sbrk_r  0x0000000008005110       0x20 /opt/st/stm32cubeide_1.9.0/plugins/com.st.stm32cube.ide.mcu.externaltools.gnu-tools-for-stm32.10.3-2021.10.linux64_1.0.0.202111181127/tools/bin/../lib/gcc/arm-none-eabi/10.3.1/../../../../arm-none-eabi/lib/thumb/v7e-m+fp/hard/libc_nano.a(lib_a-sbrkr.o)
                0x0000000008005110                _sbrk_r
 .text.__malloc_lock
                0x0000000008005130        0xc /opt/st/stm32cubeide_1.9.0/plugins/com.st.stm32cube.ide.mcu.externaltools.gnu-tools-for-stm32.10.3-2021.10.linux64_1.0.0.202111181127/tools/bin/../lib/gcc/arm-none-eabi/10.3.1/../../../../arm-none-eabi/lib/thumb/v7e-m+fp/hard/libc_nano.a(lib_a-mlock.o)
                0x0000000008005130                __malloc_lock
 .text.__malloc_unlock
                0x000000000800513c        0xc /opt/st/stm32cubeide_1.9.0/plugins/com.st.stm32cube.ide.mcu.externaltools.gnu-tools-for-stm32.10.3-2021.10.linux64_1.0.0.202111181127/tools/bin/../lib/gcc/arm-none-eabi/10.3.1/../../../../arm-none-eabi/lib/thumb/v7e-m+fp/hard/libc_nano.a(lib_a-mlock.o)
                0x000000000800513c                __malloc_unlock
 .text._malloc_usable_size_r
                0x0000000008005148       0x10 /opt/st/stm32cubeide_1.9.0/plugins/com.st.stm32cube.ide.mcu.externaltools.gnu-tools-for-stm32.10.3-2021.10.linux64_1.0.0.202111181127/tools/bin/../lib/gcc/arm-none-eabi/10.3.1/../../../../arm-none-eabi/lib/thumb/v7e-m+fp/hard/libc_nano.a(lib_a-nano-msizer.o)
                0x0000000008005148                _malloc_usable_size_r
 .text.__retarget_lock_acquire_recursive
                0x0000000008005158        0x2 /opt/st/stm32cubeide_1.9.0/plugins/com.st.stm32cube.ide.mcu.externaltools.gnu-tools-for-stm32.10.3-2021.10.linux64_1.0.0.202111181127/tools/bin/../lib/gcc/arm-none-eabi/10.3.1/../../../../arm-none-eabi/lib/thumb/v7e-m+fp/hard/libc_nano.a(lib_a-lock.o)
                0x0000000008005158                __retarget_lock_acquire_recursive
 .text.__retarget_lock_release_recursive
                0x000000000800515a        0x2 /opt/st/stm32cubeide_1.9.0/plugins/com.st.stm32cube.ide.mcu.externaltools.gnu-tools-for-stm32.10.3-2021.10.linux64_1.0.0.202111181127/tools/bin/../lib/gcc/arm-none-eabi/10.3.1/../../../../arm-none-eabi/lib/thumb/v7e-m+fp/hard/libc_nano.a(lib_a-lock.o)
                0x000000000800515a                __retarget_lock_release_recursive
 *(.glue_7)
 .glue_7        0x000000000800515c        0x0 linker stubs
 *(.glue_7t)
 .glue_7t       0x000000000800515c        0x0 linker stubs
 *(.eh_frame)
 .eh_frame      0x000000000800515c        0x0 /opt/st/stm32cubeide_1.9.0/plugins/com.st.stm32cube.ide.mcu.externaltools.gnu-tools-for-stm32.10.3-2021.10.linux64_1.0.0.202111181127/tools/bin/../lib/gcc/arm-none-eabi/10.3.1/thumb/v7e-m+fp/hard/crtbegin.o
 *(.init)
 .init          0x000000000800515c        0x4 /opt/st/stm32cubeide_1.9.0/plugins/com.st.stm32cube.ide.mcu.externaltools.gnu-tools-for-stm32.10.3-2021.10.linux64_1.0.0.202111181127/tools/bin/../lib/gcc/arm-none-eabi/10.3.1/thumb/v7e-m+fp/hard/crti.o
                0x000000000800515c                _init
 .init          0x0000000008005160        0x8 /opt/st/stm32cubeide_1.9.0/plugins/com.st.stm32cube.ide.mcu.externaltools.gnu-tools-for-stm32.10.3-2021.10.linux64_1.0.0.202111181127/tools/bin/../lib/gcc/arm-none-eabi/10.3.1/thumb/v7e-m+fp/hard/crtn.o
 *(.fini)
 .fini          0x0000000008005168        0x4 /opt/st/stm32cubeide_1.9.0/plugins/com.st.stm32cube.ide.mcu.externaltools.gnu-tools-for-stm32.10.3-2021.10.linux64_1.0.0.202111181127/tools/bin/../lib/gcc/arm-none-eabi/10.3.1/thumb/v7e-m+fp/hard/crti.o
                0x0000000008005168                _fini
 .fini          0x000000000800516c        0x8 /opt/st/stm32cubeide_1.9.0/plugins/com.st.stm32cube.ide.mcu.externaltools.gnu-tools-for-stm32.10.3-2021.10.linux64_1.0.0.202111181127/tools/bin/../lib/gcc/arm-none-eabi/10.3.1/thumb/v7e-m+fp/hard/crtn.o
                0x0000000008005174                . = ALIGN (0x4)
                0x0000000008005174                _etext = .

.vfp11_veneer   0x0000000008005174        0x0
 .vfp11_veneer  0x0000000008005174        0x0 linker stubs

.v4_bx          0x0000000008005174        0x0
 .v4_bx         0x0000000008005174        0x0 linker stubs

.iplt           0x0000000008005174        0x0
 .iplt          0x0000000008005174        0x0 /opt/st/stm32cubeide_1.9.0/plugins/com.st.stm32cube.ide.mcu.externaltools.gnu-tools-for-stm32.10.3-2021.10.linux64_1.0.0.202111181127/tools/bin/../lib/gcc/arm-none-eabi/10.3.1/thumb/v7e-m+fp/hard/crtbegin.o

.rodata         0x0000000008005174      0x1e0
                0x0000000008005174                . = ALIGN (0x4)
 *(.rodata)
 .rodata        0x0000000008005174      0x18c ./Core/Src/main.o
 .rodata        0x0000000008005300        0x5 ./Middlewares/Third_Party/FreeRTOS/Source/tasks.o
 *(.rodata*)
 *fill*         0x0000000008005305        0x3 
 .rodata.AHBPrescTable
                0x0000000008005308       0x10 ./Core/Src/system_stm32f4xx.o
                0x0000000008005308                AHBPrescTable
 .rodata.APBPrescTable
                0x0000000008005318        0x8 ./Core/Src/system_stm32f4xx.o
                0x0000000008005318                APBPrescTable
 .rodata._svfprintf_r.str1.1
                0x0000000008005320       0x11 /opt/st/stm32cubeide_1.9.0/plugins/com.st.stm32cube.ide.mcu.externaltools.gnu-tools-for-stm32.10.3-2021.10.linux64_1.0.0.202111181127/tools/bin/../lib/gcc/arm-none-eabi/10.3.1/../../../../arm-none-eabi/lib/thumb/v7e-m+fp/hard/libc_nano.a(lib_a-nano-svfprintf.o)
 .rodata._printf_i.str1.1
                0x0000000008005331       0x22 /opt/st/stm32cubeide_1.9.0/plugins/com.st.stm32cube.ide.mcu.externaltools.gnu-tools-for-stm32.10.3-2021.10.linux64_1.0.0.202111181127/tools/bin/../lib/gcc/arm-none-eabi/10.3.1/../../../../arm-none-eabi/lib/thumb/v7e-m+fp/hard/libc_nano.a(lib_a-nano-vfprintf_i.o)
                0x0000000008005354                . = ALIGN (0x4)
 *fill*         0x0000000008005353        0x1 

.ARM.extab      0x0000000008005354        0x0
                0x0000000008005354                . = ALIGN (0x4)
 *(.ARM.extab* .gnu.linkonce.armextab.*)
                0x0000000008005354                . = ALIGN (0x4)

.ARM            0x0000000008005354        0x8
                0x0000000008005354                . = ALIGN (0x4)
                0x0000000008005354                __exidx_start = .
 *(.ARM.exidx*)
 .ARM.exidx     0x0000000008005354        0x8 /opt/st/stm32cubeide_1.9.0/plugins/com.st.stm32cube.ide.mcu.externaltools.gnu-tools-for-stm32.10.3-2021.10.linux64_1.0.0.202111181127/tools/bin/../lib/gcc/arm-none-eabi/10.3.1/thumb/v7e-m+fp/hard/libgcc.a(_udivmoddi4.o)
                0x000000000800535c                __exidx_end = .
                0x000000000800535c                . = ALIGN (0x4)

.rel.dyn        0x000000000800535c        0x0
 .rel.iplt      0x000000000800535c        0x0 /opt/st/stm32cubeide_1.9.0/plugins/com.st.stm32cube.ide.mcu.externaltools.gnu-tools-for-stm32.10.3-2021.10.linux64_1.0.0.202111181127/tools/bin/../lib/gcc/arm-none-eabi/10.3.1/thumb/v7e-m+fp/hard/crtbegin.o

.preinit_array  0x000000000800535c        0x0
                0x000000000800535c                . = ALIGN (0x4)
                0x000000000800535c                PROVIDE (__preinit_array_start = .)
 *(.preinit_array*)
                0x000000000800535c                PROVIDE (__preinit_array_end = .)
                0x000000000800535c                . = ALIGN (0x4)

.init_array     0x000000000800535c        0x4
                0x000000000800535c                . = ALIGN (0x4)
                0x000000000800535c                PROVIDE (__init_array_start = .)
 *(SORT_BY_NAME(.init_array.*))
 *(.init_array*)
 .init_array    0x000000000800535c        0x4 /opt/st/stm32cubeide_1.9.0/plugins/com.st.stm32cube.ide.mcu.externaltools.gnu-tools-for-stm32.10.3-2021.10.linux64_1.0.0.202111181127/tools/bin/../lib/gcc/arm-none-eabi/10.3.1/thumb/v7e-m+fp/hard/crtbegin.o
                0x0000000008005360                PROVIDE (__init_array_end = .)
                0x0000000008005360                . = ALIGN (0x4)

.fini_array     0x0000000008005360        0x4
                0x0000000008005360                . = ALIGN (0x4)
                [!provide]                        PROVIDE (__fini_array_start = .)
 *(SORT_BY_NAME(.fini_array.*))
 *(.fini_array*)
 .fini_array    0x0000000008005360        0x4 /opt/st/stm32cubeide_1.9.0/plugins/com.st.stm32cube.ide.mcu.externaltools.gnu-tools-for-stm32.10.3-2021.10.linux64_1.0.0.202111181127/tools/bin/../lib/gcc/arm-none-eabi/10.3.1/thumb/v7e-m+fp/hard/crtbegin.o
                [!provide]                        PROVIDE (__fini_array_end = .)
                0x0000000008005364                . = ALIGN (0x4)
                0x0000000008005364                _sidata = LOADADDR (.data)

.data           0x0000000020000000       0x74 load address 0x0000000008005364
                0x0000000020000000                . = ALIGN (0x4)
                0x0000000020000000                _sdata = .
 *(.data)
 *(.data*)
 .data.SystemCoreClock
                0x0000000020000000        0x4 ./Core/Src/system_stm32f4xx.o
                0x0000000020000000                SystemCoreClock
 .data.uwTickPrio
                0x0000000020000004        0x4 ./Drivers/STM32F4xx_HAL_Driver/Src/stm32f4xx_hal.o
                0x0000000020000004                uwTickPrio
 .data.uwTickFreq
                0x0000000020000008        0x1 ./Drivers/STM32F4xx_HAL_Driver/Src/stm32f4xx_hal.o
                0x0000000020000008                uwTickFreq
 *fill*         0x0000000020000009        0x3 
 .data.uxCriticalNesting
                0x000000002000000c        0x4 ./Middlewares/Third_Party/FreeRTOS/Source/portable/GCC/ARM_CM4F/port.o
 .data._impure_ptr
                0x0000000020000010        0x4 /opt/st/stm32cubeide_1.9.0/plugins/com.st.stm32cube.ide.mcu.externaltools.gnu-tools-for-stm32.10.3-2021.10.linux64_1.0.0.202111181127/tools/bin/../lib/gcc/arm-none-eabi/10.3.1/../../../../arm-none-eabi/lib/thumb/v7e-m+fp/hard/libc_nano.a(lib_a-impure.o)
                0x0000000020000010                _impure_ptr
 .data.impure_data
                0x0000000020000014       0x60 /opt/st/stm32cubeide_1.9.0/plugins/com.st.stm32cube.ide.mcu.externaltools.gnu-tools-for-stm32.10.3-2021.10.linux64_1.0.0.202111181127/tools/bin/../lib/gcc/arm-none-eabi/10.3.1/../../../../arm-none-eabi/lib/thumb/v7e-m+fp/hard/libc_nano.a(lib_a-impure.o)
 *(.RamFunc)
 *(.RamFunc*)
                0x0000000020000074                . = ALIGN (0x4)
                0x0000000020000074                _edata = .
                0x00000000080053d8                _siccmram = LOADADDR (.ccmram)

.igot.plt       0x0000000020000074        0x0 load address 0x00000000080053d8
 .igot.plt      0x0000000020000074        0x0 /opt/st/stm32cubeide_1.9.0/plugins/com.st.stm32cube.ide.mcu.externaltools.gnu-tools-for-stm32.10.3-2021.10.linux64_1.0.0.202111181127/tools/bin/../lib/gcc/arm-none-eabi/10.3.1/thumb/v7e-m+fp/hard/crtbegin.o

.ccmram         0x0000000010000000        0x0 load address 0x00000000080053d8
                0x0000000010000000                . = ALIGN (0x4)
                0x0000000010000000                _sccmram = .
 *(.ccmram)
 *(.ccmram*)
                0x0000000010000000                . = ALIGN (0x4)
                0x0000000010000000                _eccmram = .
                0x0000000010000000                . = ALIGN (0x4)

.bss            0x0000000020000074     0x4038
                0x0000000020000074                _sbss = .
                0x0000000020000074                __bss_start__ = _sbss
 *(.bss)
 .bss           0x0000000020000074       0x1c /opt/st/stm32cubeide_1.9.0/plugins/com.st.stm32cube.ide.mcu.externaltools.gnu-tools-for-stm32.10.3-2021.10.linux64_1.0.0.202111181127/tools/bin/../lib/gcc/arm-none-eabi/10.3.1/thumb/v7e-m+fp/hard/crtbegin.o
 *(.bss*)
 .bss.xIdleTaskTCBBuffer
                0x0000000020000090       0x54 ./Core/Src/freertos.o
 .bss.xIdleStack
                0x00000000200000e4      0x200 ./Core/Src/freertos.o
 .bss.keys_data
                0x00000000200002e4       0x10 ./Core/Src/main.o
                0x00000000200002e4                keys_data
 .bss.sem_btn   0x00000000200002f4        0x4 ./Core/Src/main.o
                0x00000000200002f4                sem_btn
 .bss.huart3    0x00000000200002f8       0x44 ./Core/Src/main.o
                0x00000000200002f8                huart3
 .bss.defaultTaskHandle
                0x000000002000033c        0x4 ./Core/Src/main.o
                0x000000002000033c                defaultTaskHandle
 .bss.__sbrk_heap_end
                0x0000000020000340        0x4 ./Core/Src/sysmem.o
 .bss.uwTick    0x0000000020000344        0x4 ./Drivers/STM32F4xx_HAL_Driver/Src/stm32f4xx_hal.o
                0x0000000020000344                uwTick
 .bss.pxCurrentTCB
                0x0000000020000348        0x4 ./Middlewares/Third_Party/FreeRTOS/Source/tasks.o
                0x0000000020000348                pxCurrentTCB
 .bss.pxReadyTasksLists
                0x000000002000034c       0x8c ./Middlewares/Third_Party/FreeRTOS/Source/tasks.o
 .bss.xDelayedTaskList1
                0x00000000200003d8       0x14 ./Middlewares/Third_Party/FreeRTOS/Source/tasks.o
 .bss.xDelayedTaskList2
                0x00000000200003ec       0x14 ./Middlewares/Third_Party/FreeRTOS/Source/tasks.o
 .bss.pxDelayedTaskList
                0x0000000020000400        0x4 ./Middlewares/Third_Party/FreeRTOS/Source/tasks.o
 .bss.pxOverflowDelayedTaskList
                0x0000000020000404        0x4 ./Middlewares/Third_Party/FreeRTOS/Source/tasks.o
 .bss.xPendingReadyList
                0x0000000020000408       0x14 ./Middlewares/Third_Party/FreeRTOS/Source/tasks.o
 .bss.xTasksWaitingTermination
                0x000000002000041c       0x14 ./Middlewares/Third_Party/FreeRTOS/Source/tasks.o
 .bss.uxDeletedTasksWaitingCleanUp
                0x0000000020000430        0x4 ./Middlewares/Third_Party/FreeRTOS/Source/tasks.o
 .bss.xSuspendedTaskList
                0x0000000020000434       0x14 ./Middlewares/Third_Party/FreeRTOS/Source/tasks.o
 .bss.uxCurrentNumberOfTasks
                0x0000000020000448        0x4 ./Middlewares/Third_Party/FreeRTOS/Source/tasks.o
 .bss.xTickCount
                0x000000002000044c        0x4 ./Middlewares/Third_Party/FreeRTOS/Source/tasks.o
 .bss.uxTopReadyPriority
                0x0000000020000450        0x4 ./Middlewares/Third_Party/FreeRTOS/Source/tasks.o
 .bss.xSchedulerRunning
                0x0000000020000454        0x4 ./Middlewares/Third_Party/FreeRTOS/Source/tasks.o
 .bss.xPendedTicks
                0x0000000020000458        0x4 ./Middlewares/Third_Party/FreeRTOS/Source/tasks.o
 .bss.xYieldPending
                0x000000002000045c        0x4 ./Middlewares/Third_Party/FreeRTOS/Source/tasks.o
 .bss.xNumOfOverflows
                0x0000000020000460        0x4 ./Middlewares/Third_Party/FreeRTOS/Source/tasks.o
 .bss.uxTaskNumber
                0x0000000020000464        0x4 ./Middlewares/Third_Party/FreeRTOS/Source/tasks.o
 .bss.xNextTaskUnblockTime
                0x0000000020000468        0x4 ./Middlewares/Third_Party/FreeRTOS/Source/tasks.o
 .bss.xIdleTaskHandle
                0x000000002000046c        0x4 ./Middlewares/Third_Party/FreeRTOS/Source/tasks.o
 .bss.uxSchedulerSuspended
                0x0000000020000470        0x4 ./Middlewares/Third_Party/FreeRTOS/Source/tasks.o
 .bss.ucMaxSysCallPriority
                0x0000000020000474        0x1 ./Middlewares/Third_Party/FreeRTOS/Source/portable/GCC/ARM_CM4F/port.o
 *fill*         0x0000000020000475        0x3 
 .bss.ulMaxPRIGROUPValue
                0x0000000020000478        0x4 ./Middlewares/Third_Party/FreeRTOS/Source/portable/GCC/ARM_CM4F/port.o
 .bss.ucHeap    0x000000002000047c     0x3c00 ./Middlewares/Third_Party/FreeRTOS/Source/portable/MemMang/heap_4.o
 .bss.xStart    0x000000002000407c        0x8 ./Middlewares/Third_Party/FreeRTOS/Source/portable/MemMang/heap_4.o
 .bss.pxEnd     0x0000000020004084        0x4 ./Middlewares/Third_Party/FreeRTOS/Source/portable/MemMang/heap_4.o
 .bss.xFreeBytesRemaining
                0x0000000020004088        0x4 ./Middlewares/Third_Party/FreeRTOS/Source/portable/MemMang/heap_4.o
 .bss.xMinimumEverFreeBytesRemaining
                0x000000002000408c        0x4 ./Middlewares/Third_Party/FreeRTOS/Source/portable/MemMang/heap_4.o
 .bss.xNumberOfSuccessfulAllocations
                0x0000000020004090        0x4 ./Middlewares/Third_Party/FreeRTOS/Source/portable/MemMang/heap_4.o
 .bss.xNumberOfSuccessfulFrees
                0x0000000020004094        0x4 ./Middlewares/Third_Party/FreeRTOS/Source/portable/MemMang/heap_4.o
 .bss.xBlockAllocatedBit
                0x0000000020004098        0x4 ./Middlewares/Third_Party/FreeRTOS/Source/portable/MemMang/heap_4.o
 .bss.__malloc_free_list
                0x000000002000409c        0x4 /opt/st/stm32cubeide_1.9.0/plugins/com.st.stm32cube.ide.mcu.externaltools.gnu-tools-for-stm32.10.3-2021.10.linux64_1.0.0.202111181127/tools/bin/../lib/gcc/arm-none-eabi/10.3.1/../../../../arm-none-eabi/lib/thumb/v7e-m+fp/hard/libc_nano.a(lib_a-nano-mallocr.o)
                0x000000002000409c                __malloc_free_list
 .bss.__malloc_sbrk_start
                0x00000000200040a0        0x4 /opt/st/stm32cubeide_1.9.0/plugins/com.st.stm32cube.ide.mcu.externaltools.gnu-tools-for-stm32.10.3-2021.10.linux64_1.0.0.202111181127/tools/bin/../lib/gcc/arm-none-eabi/10.3.1/../../../../arm-none-eabi/lib/thumb/v7e-m+fp/hard/libc_nano.a(lib_a-nano-mallocr.o)
                0x00000000200040a0                __malloc_sbrk_start
 .bss.errno     0x00000000200040a4        0x4 /opt/st/stm32cubeide_1.9.0/plugins/com.st.stm32cube.ide.mcu.externaltools.gnu-tools-for-stm32.10.3-2021.10.linux64_1.0.0.202111181127/tools/bin/../lib/gcc/arm-none-eabi/10.3.1/../../../../arm-none-eabi/lib/thumb/v7e-m+fp/hard/libc_nano.a(lib_a-reent.o)
                0x00000000200040a4                errno
 .bss.__lock___malloc_recursive_mutex
                0x00000000200040a8        0x1 /opt/st/stm32cubeide_1.9.0/plugins/com.st.stm32cube.ide.mcu.externaltools.gnu-tools-for-stm32.10.3-2021.10.linux64_1.0.0.202111181127/tools/bin/../lib/gcc/arm-none-eabi/10.3.1/../../../../arm-none-eabi/lib/thumb/v7e-m+fp/hard/libc_nano.a(lib_a-lock.o)
                0x00000000200040a8                __lock___malloc_recursive_mutex
 *(COMMON)
                0x00000000200040ac                . = ALIGN (0x4)
 *fill*         0x00000000200040a9        0x3 
                0x00000000200040ac                _ebss = .
                0x00000000200040ac                __bss_end__ = _ebss

._user_heap_stack
                0x00000000200040ac      0x604
                0x00000000200040b0                . = ALIGN (0x8)
 *fill*         0x00000000200040ac        0x4 
                [!provide]                        PROVIDE (end = .)
                0x00000000200040b0                PROVIDE (_end = .)
                0x00000000200042b0                . = (. + _Min_Heap_Size)
 *fill*         0x00000000200040b0      0x200 
                0x00000000200046b0                . = (. + _Min_Stack_Size)
 *fill*         0x00000000200042b0      0x400 
                0x00000000200046b0                . = ALIGN (0x8)

/DISCARD/
 libc.a(*)
 libm.a(*)
 libgcc.a(*)

.ARM.attributes
                0x0000000000000000       0x30
 *(.ARM.attributes)
 .ARM.attributes
                0x0000000000000000       0x1e /opt/st/stm32cubeide_1.9.0/plugins/com.st.stm32cube.ide.mcu.externaltools.gnu-tools-for-stm32.10.3-2021.10.linux64_1.0.0.202111181127/tools/bin/../lib/gcc/arm-none-eabi/10.3.1/thumb/v7e-m+fp/hard/crti.o
 .ARM.attributes
                0x000000000000001e       0x34 /opt/st/stm32cubeide_1.9.0/plugins/com.st.stm32cube.ide.mcu.externaltools.gnu-tools-for-stm32.10.3-2021.10.linux64_1.0.0.202111181127/tools/bin/../lib/gcc/arm-none-eabi/10.3.1/thumb/v7e-m+fp/hard/crtbegin.o
 .ARM.attributes
                0x0000000000000052       0x20 ./Core/Src/asm_func.o
 .ARM.attributes
                0x0000000000000072       0x34 ./Core/Src/freertos.o
 .ARM.attributes
                0x00000000000000a6       0x34 ./Core/Src/main.o
 .ARM.attributes
                0x00000000000000da       0x34 ./Core/Src/stm32f4xx_hal_msp.o
 .ARM.attributes
                0x000000000000010e       0x34 ./Core/Src/stm32f4xx_it.o
 .ARM.attributes
                0x0000000000000142       0x34 ./Core/Src/sysmem.o
 .ARM.attributes
                0x0000000000000176       0x34 ./Core/Src/system_stm32f4xx.o
 .ARM.attributes
                0x00000000000001aa       0x21 ./Core/Startup/startup_stm32f429zitx.o
 .ARM.attributes
                0x00000000000001cb       0x34 ./Drivers/STM32F4xx_HAL_Driver/Src/stm32f4xx_hal.o
 .ARM.attributes
                0x00000000000001ff       0x34 ./Drivers/STM32F4xx_HAL_Driver/Src/stm32f4xx_hal_cortex.o
 .ARM.attributes
                0x0000000000000233       0x34 ./Drivers/STM32F4xx_HAL_Driver/Src/stm32f4xx_hal_gpio.o
 .ARM.attributes
                0x0000000000000267       0x34 ./Drivers/STM32F4xx_HAL_Driver/Src/stm32f4xx_hal_rcc.o
 .ARM.attributes
                0x000000000000029b       0x34 ./Drivers/STM32F4xx_HAL_Driver/Src/stm32f4xx_hal_uart.o
 .ARM.attributes
                0x00000000000002cf       0x34 ./Middlewares/Third_Party/FreeRTOS/Source/CMSIS_RTOS/cmsis_os.o
 .ARM.attributes
                0x0000000000000303       0x34 ./Middlewares/Third_Party/FreeRTOS/Source/list.o
 .ARM.attributes
                0x0000000000000337       0x34 ./Middlewares/Third_Party/FreeRTOS/Source/queue.o
 .ARM.attributes
                0x000000000000036b       0x34 ./Middlewares/Third_Party/FreeRTOS/Source/tasks.o
 .ARM.attributes
                0x000000000000039f       0x34 ./Middlewares/Third_Party/FreeRTOS/Source/portable/GCC/ARM_CM4F/port.o
 .ARM.attributes
                0x00000000000003d3       0x34 ./Middlewares/Third_Party/FreeRTOS/Source/portable/MemMang/heap_4.o
 .ARM.attributes
                0x0000000000000407       0x34 /opt/st/stm32cubeide_1.9.0/plugins/com.st.stm32cube.ide.mcu.externaltools.gnu-tools-for-stm32.10.3-2021.10.linux64_1.0.0.202111181127/tools/bin/../lib/gcc/arm-none-eabi/10.3.1/../../../../arm-none-eabi/lib/thumb/v7e-m+fp/hard/libc_nano.a(lib_a-errno.o)
 .ARM.attributes
                0x000000000000043b       0x34 /opt/st/stm32cubeide_1.9.0/plugins/com.st.stm32cube.ide.mcu.externaltools.gnu-tools-for-stm32.10.3-2021.10.linux64_1.0.0.202111181127/tools/bin/../lib/gcc/arm-none-eabi/10.3.1/../../../../arm-none-eabi/lib/thumb/v7e-m+fp/hard/libc_nano.a(lib_a-impure.o)
 .ARM.attributes
                0x000000000000046f       0x34 /opt/st/stm32cubeide_1.9.0/plugins/com.st.stm32cube.ide.mcu.externaltools.gnu-tools-for-stm32.10.3-2021.10.linux64_1.0.0.202111181127/tools/bin/../lib/gcc/arm-none-eabi/10.3.1/../../../../arm-none-eabi/lib/thumb/v7e-m+fp/hard/libc_nano.a(lib_a-init.o)
 .ARM.attributes
                0x00000000000004a3       0x34 /opt/st/stm32cubeide_1.9.0/plugins/com.st.stm32cube.ide.mcu.externaltools.gnu-tools-for-stm32.10.3-2021.10.linux64_1.0.0.202111181127/tools/bin/../lib/gcc/arm-none-eabi/10.3.1/../../../../arm-none-eabi/lib/thumb/v7e-m+fp/hard/libc_nano.a(lib_a-memcpy-stub.o)
 .ARM.attributes
                0x00000000000004d7       0x34 /opt/st/stm32cubeide_1.9.0/plugins/com.st.stm32cube.ide.mcu.externaltools.gnu-tools-for-stm32.10.3-2021.10.linux64_1.0.0.202111181127/tools/bin/../lib/gcc/arm-none-eabi/10.3.1/../../../../arm-none-eabi/lib/thumb/v7e-m+fp/hard/libc_nano.a(lib_a-memset.o)
 .ARM.attributes
                0x000000000000050b       0x34 /opt/st/stm32cubeide_1.9.0/plugins/com.st.stm32cube.ide.mcu.externaltools.gnu-tools-for-stm32.10.3-2021.10.linux64_1.0.0.202111181127/tools/bin/../lib/gcc/arm-none-eabi/10.3.1/../../../../arm-none-eabi/lib/thumb/v7e-m+fp/hard/libc_nano.a(lib_a-sprintf.o)
 .ARM.attributes
                0x000000000000053f       0x17 /opt/st/stm32cubeide_1.9.0/plugins/com.st.stm32cube.ide.mcu.externaltools.gnu-tools-for-stm32.10.3-2021.10.linux64_1.0.0.202111181127/tools/bin/../lib/gcc/arm-none-eabi/10.3.1/../../../../arm-none-eabi/lib/thumb/v7e-m+fp/hard/libc_nano.a(lib_a-strlen.o)
 .ARM.attributes
                0x0000000000000556       0x34 /opt/st/stm32cubeide_1.9.0/plugins/com.st.stm32cube.ide.mcu.externaltools.gnu-tools-for-stm32.10.3-2021.10.linux64_1.0.0.202111181127/tools/bin/../lib/gcc/arm-none-eabi/10.3.1/../../../../arm-none-eabi/lib/thumb/v7e-m+fp/hard/libc_nano.a(lib_a-nano-svfprintf.o)
 .ARM.attributes
                0x000000000000058a       0x34 /opt/st/stm32cubeide_1.9.0/plugins/com.st.stm32cube.ide.mcu.externaltools.gnu-tools-for-stm32.10.3-2021.10.linux64_1.0.0.202111181127/tools/bin/../lib/gcc/arm-none-eabi/10.3.1/../../../../arm-none-eabi/lib/thumb/v7e-m+fp/hard/libc_nano.a(lib_a-nano-vfprintf_i.o)
 .ARM.attributes
                0x00000000000005be       0x1c /opt/st/stm32cubeide_1.9.0/plugins/com.st.stm32cube.ide.mcu.externaltools.gnu-tools-for-stm32.10.3-2021.10.linux64_1.0.0.202111181127/tools/bin/../lib/gcc/arm-none-eabi/10.3.1/../../../../arm-none-eabi/lib/thumb/v7e-m+fp/hard/libc_nano.a(lib_a-memchr.o)
 .ARM.attributes
                0x00000000000005da       0x34 /opt/st/stm32cubeide_1.9.0/plugins/com.st.stm32cube.ide.mcu.externaltools.gnu-tools-for-stm32.10.3-2021.10.linux64_1.0.0.202111181127/tools/bin/../lib/gcc/arm-none-eabi/10.3.1/../../../../arm-none-eabi/lib/thumb/v7e-m+fp/hard/libc_nano.a(lib_a-memmove.o)
 .ARM.attributes
                0x000000000000060e       0x34 /opt/st/stm32cubeide_1.9.0/plugins/com.st.stm32cube.ide.mcu.externaltools.gnu-tools-for-stm32.10.3-2021.10.linux64_1.0.0.202111181127/tools/bin/../lib/gcc/arm-none-eabi/10.3.1/../../../../arm-none-eabi/lib/thumb/v7e-m+fp/hard/libc_nano.a(lib_a-nano-freer.o)
 .ARM.attributes
                0x0000000000000642       0x34 /opt/st/stm32cubeide_1.9.0/plugins/com.st.stm32cube.ide.mcu.externaltools.gnu-tools-for-stm32.10.3-2021.10.linux64_1.0.0.202111181127/tools/bin/../lib/gcc/arm-none-eabi/10.3.1/../../../../arm-none-eabi/lib/thumb/v7e-m+fp/hard/libc_nano.a(lib_a-nano-mallocr.o)
 .ARM.attributes
                0x0000000000000676       0x34 /opt/st/stm32cubeide_1.9.0/plugins/com.st.stm32cube.ide.mcu.externaltools.gnu-tools-for-stm32.10.3-2021.10.linux64_1.0.0.202111181127/tools/bin/../lib/gcc/arm-none-eabi/10.3.1/../../../../arm-none-eabi/lib/thumb/v7e-m+fp/hard/libc_nano.a(lib_a-nano-reallocr.o)
 .ARM.attributes
                0x00000000000006aa       0x34 /opt/st/stm32cubeide_1.9.0/plugins/com.st.stm32cube.ide.mcu.externaltools.gnu-tools-for-stm32.10.3-2021.10.linux64_1.0.0.202111181127/tools/bin/../lib/gcc/arm-none-eabi/10.3.1/../../../../arm-none-eabi/lib/thumb/v7e-m+fp/hard/libc_nano.a(lib_a-sbrkr.o)
 .ARM.attributes
                0x00000000000006de       0x34 /opt/st/stm32cubeide_1.9.0/plugins/com.st.stm32cube.ide.mcu.externaltools.gnu-tools-for-stm32.10.3-2021.10.linux64_1.0.0.202111181127/tools/bin/../lib/gcc/arm-none-eabi/10.3.1/../../../../arm-none-eabi/lib/thumb/v7e-m+fp/hard/libc_nano.a(lib_a-mlock.o)
 .ARM.attributes
                0x0000000000000712       0x34 /opt/st/stm32cubeide_1.9.0/plugins/com.st.stm32cube.ide.mcu.externaltools.gnu-tools-for-stm32.10.3-2021.10.linux64_1.0.0.202111181127/tools/bin/../lib/gcc/arm-none-eabi/10.3.1/../../../../arm-none-eabi/lib/thumb/v7e-m+fp/hard/libc_nano.a(lib_a-nano-msizer.o)
 .ARM.attributes
                0x0000000000000746       0x34 /opt/st/stm32cubeide_1.9.0/plugins/com.st.stm32cube.ide.mcu.externaltools.gnu-tools-for-stm32.10.3-2021.10.linux64_1.0.0.202111181127/tools/bin/../lib/gcc/arm-none-eabi/10.3.1/../../../../arm-none-eabi/lib/thumb/v7e-m+fp/hard/libc_nano.a(lib_a-reent.o)
 .ARM.attributes
                0x000000000000077a       0x34 /opt/st/stm32cubeide_1.9.0/plugins/com.st.stm32cube.ide.mcu.externaltools.gnu-tools-for-stm32.10.3-2021.10.linux64_1.0.0.202111181127/tools/bin/../lib/gcc/arm-none-eabi/10.3.1/../../../../arm-none-eabi/lib/thumb/v7e-m+fp/hard/libc_nano.a(lib_a-lock.o)
 .ARM.attributes
                0x00000000000007ae       0x1e /opt/st/stm32cubeide_1.9.0/plugins/com.st.stm32cube.ide.mcu.externaltools.gnu-tools-for-stm32.10.3-2021.10.linux64_1.0.0.202111181127/tools/bin/../lib/gcc/arm-none-eabi/10.3.1/thumb/v7e-m+fp/hard/libgcc.a(_aeabi_uldivmod.o)
 .ARM.attributes
                0x00000000000007cc       0x34 /opt/st/stm32cubeide_1.9.0/plugins/com.st.stm32cube.ide.mcu.externaltools.gnu-tools-for-stm32.10.3-2021.10.linux64_1.0.0.202111181127/tools/bin/../lib/gcc/arm-none-eabi/10.3.1/thumb/v7e-m+fp/hard/libgcc.a(_udivmoddi4.o)
 .ARM.attributes
                0x0000000000000800       0x1e /opt/st/stm32cubeide_1.9.0/plugins/com.st.stm32cube.ide.mcu.externaltools.gnu-tools-for-stm32.10.3-2021.10.linux64_1.0.0.202111181127/tools/bin/../lib/gcc/arm-none-eabi/10.3.1/thumb/v7e-m+fp/hard/libgcc.a(_dvmd_tls.o)
 .ARM.attributes
                0x000000000000081e       0x1e /opt/st/stm32cubeide_1.9.0/plugins/com.st.stm32cube.ide.mcu.externaltools.gnu-tools-for-stm32.10.3-2021.10.linux64_1.0.0.202111181127/tools/bin/../lib/gcc/arm-none-eabi/10.3.1/thumb/v7e-m+fp/hard/crtn.o
OUTPUT(Ej04_asm.elf elf32-littlearm)
LOAD linker stubs
LOAD /opt/st/stm32cubeide_1.9.0/plugins/com.st.stm32cube.ide.mcu.externaltools.gnu-tools-for-stm32.10.3-2021.10.linux64_1.0.0.202111181127/tools/bin/../lib/gcc/arm-none-eabi/10.3.1/../../../../arm-none-eabi/lib/thumb/v7e-m+fp/hard/libc.a
LOAD /opt/st/stm32cubeide_1.9.0/plugins/com.st.stm32cube.ide.mcu.externaltools.gnu-tools-for-stm32.10.3-2021.10.linux64_1.0.0.202111181127/tools/bin/../lib/gcc/arm-none-eabi/10.3.1/../../../../arm-none-eabi/lib/thumb/v7e-m+fp/hard/libm.a
LOAD /opt/st/stm32cubeide_1.9.0/plugins/com.st.stm32cube.ide.mcu.externaltools.gnu-tools-for-stm32.10.3-2021.10.linux64_1.0.0.202111181127/tools/bin/../lib/gcc/arm-none-eabi/10.3.1/thumb/v7e-m+fp/hard/libgcc.a

.debug_line     0x0000000000000000     0xe2e1
 .debug_line    0x0000000000000000       0x56 ./Core/Src/asm_func.o
 .debug_line    0x0000000000000056      0x7bf ./Core/Src/freertos.o
 .debug_line    0x0000000000000815      0xd40 ./Core/Src/main.o
 .debug_line    0x0000000000001555      0x7f1 ./Core/Src/stm32f4xx_hal_msp.o
 .debug_line    0x0000000000001d46      0x869 ./Core/Src/stm32f4xx_it.o
 .debug_line    0x00000000000025af      0x4b8 ./Core/Src/sysmem.o
 .debug_line    0x0000000000002a67      0x742 ./Core/Src/system_stm32f4xx.o
 .debug_line    0x00000000000031a9       0x88 ./Core/Startup/startup_stm32f429zitx.o
 .debug_line    0x0000000000003231      0x9de ./Drivers/STM32F4xx_HAL_Driver/Src/stm32f4xx_hal.o
 .debug_line    0x0000000000003c0f      0xc57 ./Drivers/STM32F4xx_HAL_Driver/Src/stm32f4xx_hal_cortex.o
 .debug_line    0x0000000000004866      0xb46 ./Drivers/STM32F4xx_HAL_Driver/Src/stm32f4xx_hal_gpio.o
 .debug_line    0x00000000000053ac      0xd24 ./Drivers/STM32F4xx_HAL_Driver/Src/stm32f4xx_hal_rcc.o
 .debug_line    0x00000000000060d0     0x2a2f ./Drivers/STM32F4xx_HAL_Driver/Src/stm32f4xx_hal_uart.o
 .debug_line    0x0000000000008aff     0x11ad ./Middlewares/Third_Party/FreeRTOS/Source/CMSIS_RTOS/cmsis_os.o
 .debug_line    0x0000000000009cac      0x6cb ./Middlewares/Third_Party/FreeRTOS/Source/list.o
 .debug_line    0x000000000000a377     0x14f6 ./Middlewares/Third_Party/FreeRTOS/Source/queue.o
 .debug_line    0x000000000000b86d     0x1a03 ./Middlewares/Third_Party/FreeRTOS/Source/tasks.o
 .debug_line    0x000000000000d270      0x77c ./Middlewares/Third_Party/FreeRTOS/Source/portable/GCC/ARM_CM4F/port.o
 .debug_line    0x000000000000d9ec      0x8f5 ./Middlewares/Third_Party/FreeRTOS/Source/portable/MemMang/heap_4.o

.debug_info     0x0000000000000000     0xfa1b
 .debug_info    0x0000000000000000       0x26 ./Core/Src/asm_func.o
 .debug_info    0x0000000000000026      0x294 ./Core/Src/freertos.o
 .debug_info    0x00000000000002ba     0x18a2 ./Core/Src/main.o
 .debug_info    0x0000000000001b5c     0x18ca ./Core/Src/stm32f4xx_hal_msp.o
 .debug_info    0x0000000000003426      0x125 ./Core/Src/stm32f4xx_it.o
 .debug_info    0x000000000000354b      0x171 ./Core/Src/sysmem.o
 .debug_info    0x00000000000036bc      0x53f ./Core/Src/system_stm32f4xx.o
 .debug_info    0x0000000000003bfb       0x22 ./Core/Startup/startup_stm32f429zitx.o
 .debug_info    0x0000000000003c1d      0x9f4 ./Drivers/STM32F4xx_HAL_Driver/Src/stm32f4xx_hal.o
 .debug_info    0x0000000000004611      0xe51 ./Drivers/STM32F4xx_HAL_Driver/Src/stm32f4xx_hal_cortex.o
 .debug_info    0x0000000000005462      0x786 ./Drivers/STM32F4xx_HAL_Driver/Src/stm32f4xx_hal_gpio.o
 .debug_info    0x0000000000005be8      0x982 ./Drivers/STM32F4xx_HAL_Driver/Src/stm32f4xx_hal_rcc.o
 .debug_info    0x000000000000656a     0x319b ./Drivers/STM32F4xx_HAL_Driver/Src/stm32f4xx_hal_uart.o
 .debug_info    0x0000000000009705     0x1cb1 ./Middlewares/Third_Party/FreeRTOS/Source/CMSIS_RTOS/cmsis_os.o
 .debug_info    0x000000000000b3b6      0x2d1 ./Middlewares/Third_Party/FreeRTOS/Source/list.o
 .debug_info    0x000000000000b687     0x19f9 ./Middlewares/Third_Party/FreeRTOS/Source/queue.o
 .debug_info    0x000000000000d080     0x1f89 ./Middlewares/Third_Party/FreeRTOS/Source/tasks.o
 .debug_info    0x000000000000f009      0x507 ./Middlewares/Third_Party/FreeRTOS/Source/portable/GCC/ARM_CM4F/port.o
 .debug_info    0x000000000000f510      0x50b ./Middlewares/Third_Party/FreeRTOS/Source/portable/MemMang/heap_4.o

.debug_abbrev   0x0000000000000000     0x2615
 .debug_abbrev  0x0000000000000000       0x14 ./Core/Src/asm_func.o
 .debug_abbrev  0x0000000000000014       0xcd ./Core/Src/freertos.o
 .debug_abbrev  0x00000000000000e1      0x408 ./Core/Src/main.o
 .debug_abbrev  0x00000000000004e9      0x24c ./Core/Src/stm32f4xx_hal_msp.o
 .debug_abbrev  0x0000000000000735       0x98 ./Core/Src/stm32f4xx_it.o
 .debug_abbrev  0x00000000000007cd       0xbb ./Core/Src/sysmem.o
 .debug_abbrev  0x0000000000000888      0x116 ./Core/Src/system_stm32f4xx.o
 .debug_abbrev  0x000000000000099e       0x12 ./Core/Startup/startup_stm32f429zitx.o
 .debug_abbrev  0x00000000000009b0      0x20d ./Drivers/STM32F4xx_HAL_Driver/Src/stm32f4xx_hal.o
 .debug_abbrev  0x0000000000000bbd      0x316 ./Drivers/STM32F4xx_HAL_Driver/Src/stm32f4xx_hal_cortex.o
 .debug_abbrev  0x0000000000000ed3      0x1c4 ./Drivers/STM32F4xx_HAL_Driver/Src/stm32f4xx_hal_gpio.o
 .debug_abbrev  0x0000000000001097      0x2aa ./Drivers/STM32F4xx_HAL_Driver/Src/stm32f4xx_hal_rcc.o
 .debug_abbrev  0x0000000000001341      0x2ed ./Drivers/STM32F4xx_HAL_Driver/Src/stm32f4xx_hal_uart.o
 .debug_abbrev  0x000000000000162e      0x39b ./Middlewares/Third_Party/FreeRTOS/Source/CMSIS_RTOS/cmsis_os.o
 .debug_abbrev  0x00000000000019c9       0xf2 ./Middlewares/Third_Party/FreeRTOS/Source/list.o
 .debug_abbrev  0x0000000000001abb      0x3a1 ./Middlewares/Third_Party/FreeRTOS/Source/queue.o
 .debug_abbrev  0x0000000000001e5c      0x34e ./Middlewares/Third_Party/FreeRTOS/Source/tasks.o
 .debug_abbrev  0x00000000000021aa      0x259 ./Middlewares/Third_Party/FreeRTOS/Source/portable/GCC/ARM_CM4F/port.o
 .debug_abbrev  0x0000000000002403      0x212 ./Middlewares/Third_Party/FreeRTOS/Source/portable/MemMang/heap_4.o

.debug_aranges  0x0000000000000000      0xc88
 .debug_aranges
                0x0000000000000000       0x20 ./Core/Src/asm_func.o
 .debug_aranges
                0x0000000000000020       0x20 ./Core/Src/freertos.o
 .debug_aranges
                0x0000000000000040       0x68 ./Core/Src/main.o
 .debug_aranges
                0x00000000000000a8       0x50 ./Core/Src/stm32f4xx_hal_msp.o
 .debug_aranges
                0x00000000000000f8       0x50 ./Core/Src/stm32f4xx_it.o
 .debug_aranges
                0x0000000000000148       0x20 ./Core/Src/sysmem.o
 .debug_aranges
                0x0000000000000168       0x28 ./Core/Src/system_stm32f4xx.o
 .debug_aranges
                0x0000000000000190       0x28 ./Core/Startup/startup_stm32f429zitx.o
 .debug_aranges
                0x00000000000001b8      0x100 ./Drivers/STM32F4xx_HAL_Driver/Src/stm32f4xx_hal.o
 .debug_aranges
                0x00000000000002b8      0x118 ./Drivers/STM32F4xx_HAL_Driver/Src/stm32f4xx_hal_cortex.o
 .debug_aranges
                0x00000000000003d0       0x58 ./Drivers/STM32F4xx_HAL_Driver/Src/stm32f4xx_hal_gpio.o
 .debug_aranges
                0x0000000000000428       0x88 ./Drivers/STM32F4xx_HAL_Driver/Src/stm32f4xx_hal_rcc.o
 .debug_aranges
                0x00000000000004b0      0x200 ./Drivers/STM32F4xx_HAL_Driver/Src/stm32f4xx_hal_uart.o
 .debug_aranges
                0x00000000000006b0      0x1d8 ./Middlewares/Third_Party/FreeRTOS/Source/CMSIS_RTOS/cmsis_os.o
 .debug_aranges
                0x0000000000000888       0x40 ./Middlewares/Third_Party/FreeRTOS/Source/list.o
 .debug_aranges
                0x00000000000008c8      0x118 ./Middlewares/Third_Party/FreeRTOS/Source/queue.o
 .debug_aranges
                0x00000000000009e0      0x1d0 ./Middlewares/Third_Party/FreeRTOS/Source/tasks.o
 .debug_aranges
                0x0000000000000bb0       0x80 ./Middlewares/Third_Party/FreeRTOS/Source/portable/GCC/ARM_CM4F/port.o
 .debug_aranges
                0x0000000000000c30       0x58 ./Middlewares/Third_Party/FreeRTOS/Source/portable/MemMang/heap_4.o

.debug_str      0x0000000000000000    0xe453b
 .debug_str     0x0000000000000000       0x72 ./Core/Src/asm_func.o
 .debug_str     0x0000000000000072    0xd844d ./Core/Src/freertos.o
                                      0xd86fb (size before relaxing)
 .debug_str     0x00000000000d84bf     0x6f39 ./Core/Src/main.o
                                      0xdf652 (size before relaxing)
 .debug_str     0x00000000000df3f8      0xa39 ./Core/Src/stm32f4xx_hal_msp.o
                                      0xd5b4f (size before relaxing)
 .debug_str     0x00000000000dfe31       0xd9 ./Core/Src/stm32f4xx_it.o
                                      0xd865c (size before relaxing)
 .debug_str     0x00000000000dff0a      0x35a ./Core/Src/sysmem.o
                                       0x5dc1 (size before relaxing)
 .debug_str     0x00000000000e0264       0xdb ./Core/Src/system_stm32f4xx.o
                                      0xd450b (size before relaxing)
 .debug_str     0x00000000000e033f       0x69 ./Core/Startup/startup_stm32f429zitx.o
                                         0x77 (size before relaxing)
 .debug_str     0x00000000000e03a8      0x652 ./Drivers/STM32F4xx_HAL_Driver/Src/stm32f4xx_hal.o
                                      0xd5122 (size before relaxing)
 .debug_str     0x00000000000e09fa      0x33f ./Drivers/STM32F4xx_HAL_Driver/Src/stm32f4xx_hal_cortex.o
                                      0xd4e07 (size before relaxing)
 .debug_str     0x00000000000e0d39      0x110 ./Drivers/STM32F4xx_HAL_Driver/Src/stm32f4xx_hal_gpio.o
                                      0xd467a (size before relaxing)
 .debug_str     0x00000000000e0e49      0x233 ./Drivers/STM32F4xx_HAL_Driver/Src/stm32f4xx_hal_rcc.o
                                      0xd4933 (size before relaxing)
 .debug_str     0x00000000000e107c      0x632 ./Drivers/STM32F4xx_HAL_Driver/Src/stm32f4xx_hal_uart.o
                                      0xd4ebf (size before relaxing)
 .debug_str     0x00000000000e16ae      0xa0d ./Middlewares/Third_Party/FreeRTOS/Source/CMSIS_RTOS/cmsis_os.o
                                       0xe3b2 (size before relaxing)
 .debug_str     0x00000000000e20bb      0x20f ./Middlewares/Third_Party/FreeRTOS/Source/list.o
                                       0xa65f (size before relaxing)
 .debug_str     0x00000000000e22ca      0x7f5 ./Middlewares/Third_Party/FreeRTOS/Source/queue.o
                                       0xc04e (size before relaxing)
 .debug_str     0x00000000000e2abf      0xfcc ./Middlewares/Third_Party/FreeRTOS/Source/tasks.o
                                       0xca6a (size before relaxing)
 .debug_str     0x00000000000e3a8b      0x783 ./Middlewares/Third_Party/FreeRTOS/Source/portable/GCC/ARM_CM4F/port.o
                                       0x85d0 (size before relaxing)
 .debug_str     0x00000000000e420e      0x32d ./Middlewares/Third_Party/FreeRTOS/Source/portable/MemMang/heap_4.o
                                       0xafa1 (size before relaxing)

.debug_ranges   0x0000000000000000      0xb80
 .debug_ranges  0x0000000000000000       0x10 ./Core/Src/freertos.o
 .debug_ranges  0x0000000000000010       0x58 ./Core/Src/main.o
 .debug_ranges  0x0000000000000068       0x40 ./Core/Src/stm32f4xx_hal_msp.o
 .debug_ranges  0x00000000000000a8       0x40 ./Core/Src/stm32f4xx_it.o
 .debug_ranges  0x00000000000000e8       0x10 ./Core/Src/sysmem.o
 .debug_ranges  0x00000000000000f8       0x18 ./Core/Src/system_stm32f4xx.o
 .debug_ranges  0x0000000000000110       0x20 ./Core/Startup/startup_stm32f429zitx.o
 .debug_ranges  0x0000000000000130       0xf0 ./Drivers/STM32F4xx_HAL_Driver/Src/stm32f4xx_hal.o
 .debug_ranges  0x0000000000000220      0x108 ./Drivers/STM32F4xx_HAL_Driver/Src/stm32f4xx_hal_cortex.o
 .debug_ranges  0x0000000000000328       0x48 ./Drivers/STM32F4xx_HAL_Driver/Src/stm32f4xx_hal_gpio.o
 .debug_ranges  0x0000000000000370       0x78 ./Drivers/STM32F4xx_HAL_Driver/Src/stm32f4xx_hal_rcc.o
 .debug_ranges  0x00000000000003e8      0x220 ./Drivers/STM32F4xx_HAL_Driver/Src/stm32f4xx_hal_uart.o
 .debug_ranges  0x0000000000000608      0x1c8 ./Middlewares/Third_Party/FreeRTOS/Source/CMSIS_RTOS/cmsis_os.o
 .debug_ranges  0x00000000000007d0       0x30 ./Middlewares/Third_Party/FreeRTOS/Source/list.o
 .debug_ranges  0x0000000000000800      0x108 ./Middlewares/Third_Party/FreeRTOS/Source/queue.o
 .debug_ranges  0x0000000000000908      0x1c0 ./Middlewares/Third_Party/FreeRTOS/Source/tasks.o
 .debug_ranges  0x0000000000000ac8       0x70 ./Middlewares/Third_Party/FreeRTOS/Source/portable/GCC/ARM_CM4F/port.o
 .debug_ranges  0x0000000000000b38       0x48 ./Middlewares/Third_Party/FreeRTOS/Source/portable/MemMang/heap_4.o

.debug_macro    0x0000000000000000    0x2591c
 .debug_macro   0x0000000000000000      0x25f ./Core/Src/freertos.o
 .debug_macro   0x000000000000025f      0xa78 ./Core/Src/freertos.o
 .debug_macro   0x0000000000000cd7      0x174 ./Core/Src/freertos.o
 .debug_macro   0x0000000000000e4b       0x22 ./Core/Src/freertos.o
 .debug_macro   0x0000000000000e6d       0x8e ./Core/Src/freertos.o
 .debug_macro   0x0000000000000efb       0x51 ./Core/Src/freertos.o
 .debug_macro   0x0000000000000f4c      0x103 ./Core/Src/freertos.o
 .debug_macro   0x000000000000104f       0x6a ./Core/Src/freertos.o
 .debug_macro   0x00000000000010b9      0x1df ./Core/Src/freertos.o
 .debug_macro   0x0000000000001298       0xf7 ./Core/Src/freertos.o
 .debug_macro   0x000000000000138f      0x15a ./Core/Src/freertos.o
 .debug_macro   0x00000000000014e9       0xde ./Core/Src/freertos.o
 .debug_macro   0x00000000000015c7       0x1c ./Core/Src/freertos.o
 .debug_macro   0x00000000000015e3       0x26 ./Core/Src/freertos.o
 .debug_macro   0x0000000000001609      0x4ef ./Core/Src/freertos.o
 .debug_macro   0x0000000000001af8       0xb5 ./Core/Src/freertos.o
 .debug_macro   0x0000000000001bad       0xaa ./Core/Src/freertos.o
 .debug_macro   0x0000000000001c57      0x2af ./Core/Src/freertos.o
 .debug_macro   0x0000000000001f06       0x2e ./Core/Src/freertos.o
 .debug_macro   0x0000000000001f34       0x28 ./Core/Src/freertos.o
 .debug_macro   0x0000000000001f5c       0x1c ./Core/Src/freertos.o
 .debug_macro   0x0000000000001f78       0x22 ./Core/Src/freertos.o
 .debug_macro   0x0000000000001f9a       0xd9 ./Core/Src/freertos.o
 .debug_macro   0x0000000000002073     0x102d ./Core/Src/freertos.o
 .debug_macro   0x00000000000030a0      0x11f ./Core/Src/freertos.o
 .debug_macro   0x00000000000031bf    0x17f91 ./Core/Src/freertos.o
 .debug_macro   0x000000000001b150       0x6d ./Core/Src/freertos.o
 .debug_macro   0x000000000001b1bd     0x36dd ./Core/Src/freertos.o
 .debug_macro   0x000000000001e89a       0x5c ./Core/Src/freertos.o
 .debug_macro   0x000000000001e8f6      0xca5 ./Core/Src/freertos.o
 .debug_macro   0x000000000001f59b      0x9fe ./Core/Src/freertos.o
 .debug_macro   0x000000000001ff99      0x116 ./Core/Src/freertos.o
 .debug_macro   0x00000000000200af      0x157 ./Core/Src/freertos.o
 .debug_macro   0x0000000000020206       0xa5 ./Core/Src/freertos.o
 .debug_macro   0x00000000000202ab      0x182 ./Core/Src/freertos.o
 .debug_macro   0x000000000002042d      0x287 ./Core/Src/freertos.o
 .debug_macro   0x00000000000206b4       0x5f ./Core/Src/freertos.o
 .debug_macro   0x0000000000020713      0x236 ./Core/Src/freertos.o
 .debug_macro   0x0000000000020949      0xccf ./Core/Src/freertos.o
 .debug_macro   0x0000000000021618      0x132 ./Core/Src/freertos.o
 .debug_macro   0x000000000002174a      0x41d ./Core/Src/freertos.o
 .debug_macro   0x0000000000021b67       0x2e ./Core/Src/freertos.o
 .debug_macro   0x0000000000021b95      0x11a ./Core/Src/freertos.o
 .debug_macro   0x0000000000021caf       0xe2 ./Core/Src/freertos.o
 .debug_macro   0x0000000000021d91       0x89 ./Core/Src/freertos.o
 .debug_macro   0x0000000000021e1a      0x295 ./Core/Src/freertos.o
 .debug_macro   0x00000000000220af      0x21e ./Core/Src/freertos.o
 .debug_macro   0x00000000000222cd       0xba ./Core/Src/freertos.o
 .debug_macro   0x0000000000022387      0x134 ./Core/Src/freertos.o
 .debug_macro   0x00000000000224bb      0x130 ./Core/Src/freertos.o
 .debug_macro   0x00000000000225eb      0x44f ./Core/Src/main.o
 .debug_macro   0x0000000000022a3a       0xf7 ./Core/Src/main.o
 .debug_macro   0x0000000000022b31       0x91 ./Core/Src/main.o
 .debug_macro   0x0000000000022bc2       0x8d ./Core/Src/main.o
 .debug_macro   0x0000000000022c4f       0x7e ./Core/Src/main.o
 .debug_macro   0x0000000000022ccd       0x19 ./Core/Src/main.o
 .debug_macro   0x0000000000022ce6       0xf2 ./Core/Src/main.o
 .debug_macro   0x0000000000022dd8       0x52 ./Core/Src/main.o
 .debug_macro   0x0000000000022e2a       0x1e ./Core/Src/main.o
 .debug_macro   0x0000000000022e48       0x3c ./Core/Src/main.o
 .debug_macro   0x0000000000022e84       0x34 ./Core/Src/main.o
 .debug_macro   0x0000000000022eb8       0x16 ./Core/Src/main.o
 .debug_macro   0x0000000000022ece       0x35 ./Core/Src/main.o
 .debug_macro   0x0000000000022f03      0x341 ./Core/Src/main.o
 .debug_macro   0x0000000000023244       0x10 ./Core/Src/main.o
 .debug_macro   0x0000000000023254       0x16 ./Core/Src/main.o
 .debug_macro   0x000000000002326a       0x43 ./Core/Src/main.o
 .debug_macro   0x00000000000232ad       0x34 ./Core/Src/main.o
 .debug_macro   0x00000000000232e1       0x10 ./Core/Src/main.o
 .debug_macro   0x00000000000232f1       0x58 ./Core/Src/main.o
 .debug_macro   0x0000000000023349       0x71 ./Core/Src/main.o
 .debug_macro   0x00000000000233ba       0x1c ./Core/Src/main.o
 .debug_macro   0x00000000000233d6      0x12a ./Core/Src/main.o
 .debug_macro   0x0000000000023500       0x10 ./Core/Src/main.o
 .debug_macro   0x0000000000023510       0x1c ./Core/Src/main.o
 .debug_macro   0x000000000002352c       0x52 ./Core/Src/main.o
 .debug_macro   0x000000000002357e       0x22 ./Core/Src/main.o
 .debug_macro   0x00000000000235a0       0x10 ./Core/Src/main.o
 .debug_macro   0x00000000000235b0       0x52 ./Core/Src/main.o
 .debug_macro   0x0000000000023602       0xd5 ./Core/Src/main.o
 .debug_macro   0x00000000000236d7       0x1c ./Core/Src/main.o
 .debug_macro   0x00000000000236f3       0x3d ./Core/Src/main.o
 .debug_macro   0x0000000000023730       0x16 ./Core/Src/main.o
 .debug_macro   0x0000000000023746      0x145 ./Core/Src/main.o
 .debug_macro   0x000000000002388b       0x16 ./Core/Src/main.o
 .debug_macro   0x00000000000238a1       0x20 ./Core/Src/main.o
 .debug_macro   0x00000000000238c1      0x1f7 ./Core/Src/stm32f4xx_hal_msp.o
 .debug_macro   0x0000000000023ab8      0x269 ./Core/Src/stm32f4xx_it.o
 .debug_macro   0x0000000000023d21       0xff ./Core/Src/sysmem.o
 .debug_macro   0x0000000000023e20      0x23b ./Core/Src/sysmem.o
 .debug_macro   0x000000000002405b      0x1e8 ./Core/Src/system_stm32f4xx.o
 .debug_macro   0x0000000000024243      0x248 ./Drivers/STM32F4xx_HAL_Driver/Src/stm32f4xx_hal.o
 .debug_macro   0x000000000002448b      0x1e8 ./Drivers/STM32F4xx_HAL_Driver/Src/stm32f4xx_hal_cortex.o
 .debug_macro   0x0000000000024673      0x1ee ./Drivers/STM32F4xx_HAL_Driver/Src/stm32f4xx_hal_gpio.o
 .debug_macro   0x0000000000024861      0x20c ./Drivers/STM32F4xx_HAL_Driver/Src/stm32f4xx_hal_rcc.o
 .debug_macro   0x0000000000024a6d      0x1e9 ./Drivers/STM32F4xx_HAL_Driver/Src/stm32f4xx_hal_uart.o
 .debug_macro   0x0000000000024c56      0x1fe ./Middlewares/Third_Party/FreeRTOS/Source/CMSIS_RTOS/cmsis_os.o
 .debug_macro   0x0000000000024e54       0x10 ./Middlewares/Third_Party/FreeRTOS/Source/CMSIS_RTOS/cmsis_os.o
 .debug_macro   0x0000000000024e64       0xc7 ./Middlewares/Third_Party/FreeRTOS/Source/CMSIS_RTOS/cmsis_os.o
 .debug_macro   0x0000000000024f2b      0x187 ./Middlewares/Third_Party/FreeRTOS/Source/list.o
 .debug_macro   0x00000000000250b2      0x216 ./Middlewares/Third_Party/FreeRTOS/Source/queue.o
 .debug_macro   0x00000000000252c8       0x87 ./Middlewares/Third_Party/FreeRTOS/Source/queue.o
 .debug_macro   0x000000000002534f      0x279 ./Middlewares/Third_Party/FreeRTOS/Source/tasks.o
 .debug_macro   0x00000000000255c8       0x10 ./Middlewares/Third_Party/FreeRTOS/Source/tasks.o
 .debug_macro   0x00000000000255d8      0x196 ./Middlewares/Third_Party/FreeRTOS/Source/portable/GCC/ARM_CM4F/port.o
 .debug_macro   0x000000000002576e      0x1ae ./Middlewares/Third_Party/FreeRTOS/Source/portable/MemMang/heap_4.o

.comment        0x0000000000000000       0x50
 .comment       0x0000000000000000       0x50 ./Core/Src/freertos.o
                                         0x51 (size before relaxing)
 .comment       0x0000000000000050       0x51 ./Core/Src/main.o
 .comment       0x0000000000000050       0x51 ./Core/Src/stm32f4xx_hal_msp.o
 .comment       0x0000000000000050       0x51 ./Core/Src/stm32f4xx_it.o
 .comment       0x0000000000000050       0x51 ./Core/Src/sysmem.o
 .comment       0x0000000000000050       0x51 ./Core/Src/system_stm32f4xx.o
 .comment       0x0000000000000050       0x51 ./Drivers/STM32F4xx_HAL_Driver/Src/stm32f4xx_hal.o
 .comment       0x0000000000000050       0x51 ./Drivers/STM32F4xx_HAL_Driver/Src/stm32f4xx_hal_cortex.o
 .comment       0x0000000000000050       0x51 ./Drivers/STM32F4xx_HAL_Driver/Src/stm32f4xx_hal_gpio.o
 .comment       0x0000000000000050       0x51 ./Drivers/STM32F4xx_HAL_Driver/Src/stm32f4xx_hal_rcc.o
 .comment       0x0000000000000050       0x51 ./Drivers/STM32F4xx_HAL_Driver/Src/stm32f4xx_hal_uart.o
 .comment       0x0000000000000050       0x51 ./Middlewares/Third_Party/FreeRTOS/Source/CMSIS_RTOS/cmsis_os.o
 .comment       0x0000000000000050       0x51 ./Middlewares/Third_Party/FreeRTOS/Source/list.o
 .comment       0x0000000000000050       0x51 ./Middlewares/Third_Party/FreeRTOS/Source/queue.o
 .comment       0x0000000000000050       0x51 ./Middlewares/Third_Party/FreeRTOS/Source/tasks.o
 .comment       0x0000000000000050       0x51 ./Middlewares/Third_Party/FreeRTOS/Source/portable/GCC/ARM_CM4F/port.o
 .comment       0x0000000000000050       0x51 ./Middlewares/Third_Party/FreeRTOS/Source/portable/MemMang/heap_4.o

.debug_frame    0x0000000000000000     0x35bc
 .debug_frame   0x0000000000000000       0x38 ./Core/Src/freertos.o
 .debug_frame   0x0000000000000038      0x15c ./Core/Src/main.o
 .debug_frame   0x0000000000000194      0x10c ./Core/Src/stm32f4xx_hal_msp.o
 .debug_frame   0x00000000000002a0       0xc4 ./Core/Src/stm32f4xx_it.o
 .debug_frame   0x0000000000000364       0x34 ./Core/Src/sysmem.o
 .debug_frame   0x0000000000000398       0x58 ./Core/Src/system_stm32f4xx.o
 .debug_frame   0x00000000000003f0      0x3b4 ./Drivers/STM32F4xx_HAL_Driver/Src/stm32f4xx_hal.o
 .debug_frame   0x00000000000007a4      0x498 ./Drivers/STM32F4xx_HAL_Driver/Src/stm32f4xx_hal_cortex.o
 .debug_frame   0x0000000000000c3c      0x14c ./Drivers/STM32F4xx_HAL_Driver/Src/stm32f4xx_hal_gpio.o
 .debug_frame   0x0000000000000d88      0x1f4 ./Drivers/STM32F4xx_HAL_Driver/Src/stm32f4xx_hal_rcc.o
 .debug_frame   0x0000000000000f7c      0x92c ./Drivers/STM32F4xx_HAL_Driver/Src/stm32f4xx_hal_uart.o
 .debug_frame   0x00000000000018a8      0x808 ./Middlewares/Third_Party/FreeRTOS/Source/CMSIS_RTOS/cmsis_os.o
 .debug_frame   0x00000000000020b0       0xd8 ./Middlewares/Third_Party/FreeRTOS/Source/list.o
 .debug_frame   0x0000000000002188      0x4b4 ./Middlewares/Third_Party/FreeRTOS/Source/queue.o
 .debug_frame   0x000000000000263c      0x7ec ./Middlewares/Third_Party/FreeRTOS/Source/tasks.o
 .debug_frame   0x0000000000002e28      0x1a8 ./Middlewares/Third_Party/FreeRTOS/Source/portable/GCC/ARM_CM4F/port.o
 .debug_frame   0x0000000000002fd0      0x12c ./Middlewares/Third_Party/FreeRTOS/Source/portable/MemMang/heap_4.o
 .debug_frame   0x00000000000030fc       0x20 /opt/st/stm32cubeide_1.9.0/plugins/com.st.stm32cube.ide.mcu.externaltools.gnu-tools-for-stm32.10.3-2021.10.linux64_1.0.0.202111181127/tools/bin/../lib/gcc/arm-none-eabi/10.3.1/../../../../arm-none-eabi/lib/thumb/v7e-m+fp/hard/libc_nano.a(lib_a-errno.o)
 .debug_frame   0x000000000000311c       0x2c /opt/st/stm32cubeide_1.9.0/plugins/com.st.stm32cube.ide.mcu.externaltools.gnu-tools-for-stm32.10.3-2021.10.linux64_1.0.0.202111181127/tools/bin/../lib/gcc/arm-none-eabi/10.3.1/../../../../arm-none-eabi/lib/thumb/v7e-m+fp/hard/libc_nano.a(lib_a-init.o)
 .debug_frame   0x0000000000003148       0x28 /opt/st/stm32cubeide_1.9.0/plugins/com.st.stm32cube.ide.mcu.externaltools.gnu-tools-for-stm32.10.3-2021.10.linux64_1.0.0.202111181127/tools/bin/../lib/gcc/arm-none-eabi/10.3.1/../../../../arm-none-eabi/lib/thumb/v7e-m+fp/hard/libc_nano.a(lib_a-memcpy-stub.o)
 .debug_frame   0x0000000000003170       0x20 /opt/st/stm32cubeide_1.9.0/plugins/com.st.stm32cube.ide.mcu.externaltools.gnu-tools-for-stm32.10.3-2021.10.linux64_1.0.0.202111181127/tools/bin/../lib/gcc/arm-none-eabi/10.3.1/../../../../arm-none-eabi/lib/thumb/v7e-m+fp/hard/libc_nano.a(lib_a-memset.o)
 .debug_frame   0x0000000000003190       0x6c /opt/st/stm32cubeide_1.9.0/plugins/com.st.stm32cube.ide.mcu.externaltools.gnu-tools-for-stm32.10.3-2021.10.linux64_1.0.0.202111181127/tools/bin/../lib/gcc/arm-none-eabi/10.3.1/../../../../arm-none-eabi/lib/thumb/v7e-m+fp/hard/libc_nano.a(lib_a-sprintf.o)
 .debug_frame   0x00000000000031fc       0x90 /opt/st/stm32cubeide_1.9.0/plugins/com.st.stm32cube.ide.mcu.externaltools.gnu-tools-for-stm32.10.3-2021.10.linux64_1.0.0.202111181127/tools/bin/../lib/gcc/arm-none-eabi/10.3.1/../../../../arm-none-eabi/lib/thumb/v7e-m+fp/hard/libc_nano.a(lib_a-nano-svfprintf.o)